Archive member included to satisfy reference by file (symbol)

d:/rt-threadstudio/repo/extract/toolchain_support_packages/arm/gnu_tools_for_arm_embedded_processors/10.2.1/bin/../lib/gcc/arm-none-eabi/10.2.1/../../../../arm-none-eabi/lib/thumb/v8-m.main+fp/hard\libc.a(lib_a-atoi.o)
                              ./rt-thread/components/drivers/sensors/sensor_cmd.o (atoi)
d:/rt-threadstudio/repo/extract/toolchain_support_packages/arm/gnu_tools_for_arm_embedded_processors/10.2.1/bin/../lib/gcc/arm-none-eabi/10.2.1/../../../../arm-none-eabi/lib/thumb/v8-m.main+fp/hard\libc.a(lib_a-exit.o)
                              d:/rt-threadstudio/repo/extract/toolchain_support_packages/arm/gnu_tools_for_arm_embedded_processors/10.2.1/bin/../lib/gcc/arm-none-eabi/10.2.1/../../../../arm-none-eabi/lib/thumb/v8-m.main+fp/hard/crt0.o (exit)
d:/rt-threadstudio/repo/extract/toolchain_support_packages/arm/gnu_tools_for_arm_embedded_processors/10.2.1/bin/../lib/gcc/arm-none-eabi/10.2.1/../../../../arm-none-eabi/lib/thumb/v8-m.main+fp/hard\libc.a(lib_a-impure.o)
                              d:/rt-threadstudio/repo/extract/toolchain_support_packages/arm/gnu_tools_for_arm_embedded_processors/10.2.1/bin/../lib/gcc/arm-none-eabi/10.2.1/../../../../arm-none-eabi/lib/thumb/v8-m.main+fp/hard\libc.a(lib_a-exit.o) (_global_impure_ptr)
d:/rt-threadstudio/repo/extract/toolchain_support_packages/arm/gnu_tools_for_arm_embedded_processors/10.2.1/bin/../lib/gcc/arm-none-eabi/10.2.1/../../../../arm-none-eabi/lib/thumb/v8-m.main+fp/hard\libc.a(lib_a-memcmp.o)
                              ./rt-thread/components/finsh/shell.o (memcmp)
d:/rt-threadstudio/repo/extract/toolchain_support_packages/arm/gnu_tools_for_arm_embedded_processors/10.2.1/bin/../lib/gcc/arm-none-eabi/10.2.1/../../../../arm-none-eabi/lib/thumb/v8-m.main+fp/hard\libc.a(lib_a-memcpy.o)
                              ./ra/fsp/src/r_sci_uart/r_sci_uart.o (memcpy)
d:/rt-threadstudio/repo/extract/toolchain_support_packages/arm/gnu_tools_for_arm_embedded_processors/10.2.1/bin/../lib/gcc/arm-none-eabi/10.2.1/../../../../arm-none-eabi/lib/thumb/v8-m.main+fp/hard\libc.a(lib_a-memset.o)
                              d:/rt-threadstudio/repo/extract/toolchain_support_packages/arm/gnu_tools_for_arm_embedded_processors/10.2.1/bin/../lib/gcc/arm-none-eabi/10.2.1/../../../../arm-none-eabi/lib/thumb/v8-m.main+fp/hard/crt0.o (memset)
d:/rt-threadstudio/repo/extract/toolchain_support_packages/arm/gnu_tools_for_arm_embedded_processors/10.2.1/bin/../lib/gcc/arm-none-eabi/10.2.1/../../../../arm-none-eabi/lib/thumb/v8-m.main+fp/hard\libc.a(lib_a-strcat.o)
                              ./rt-thread/components/drivers/sensors/sensor.o (strcat)
d:/rt-threadstudio/repo/extract/toolchain_support_packages/arm/gnu_tools_for_arm_embedded_processors/10.2.1/bin/../lib/gcc/arm-none-eabi/10.2.1/../../../../arm-none-eabi/lib/thumb/v8-m.main+fp/hard\libc.a(lib_a-strcmp.o)
                              ./rt-thread/components/drivers/sensors/sensor_cmd.o (strcmp)
d:/rt-threadstudio/repo/extract/toolchain_support_packages/arm/gnu_tools_for_arm_embedded_processors/10.2.1/bin/../lib/gcc/arm-none-eabi/10.2.1/../../../../arm-none-eabi/lib/thumb/v8-m.main+fp/hard\libc.a(lib_a-strcpy.o)
                              ./rt-thread/components/finsh/shell.o (strcpy)
d:/rt-threadstudio/repo/extract/toolchain_support_packages/arm/gnu_tools_for_arm_embedded_processors/10.2.1/bin/../lib/gcc/arm-none-eabi/10.2.1/../../../../arm-none-eabi/lib/thumb/v8-m.main+fp/hard\libc.a(lib_a-strlen-stub.o)
                              ./rt-thread/components/finsh/msh.o (strlen)
d:/rt-threadstudio/repo/extract/toolchain_support_packages/arm/gnu_tools_for_arm_embedded_processors/10.2.1/bin/../lib/gcc/arm-none-eabi/10.2.1/../../../../arm-none-eabi/lib/thumb/v8-m.main+fp/hard\libc.a(lib_a-strncmp.o)
                              ./rt-thread/components/finsh/msh.o (strncmp)
d:/rt-threadstudio/repo/extract/toolchain_support_packages/arm/gnu_tools_for_arm_embedded_processors/10.2.1/bin/../lib/gcc/arm-none-eabi/10.2.1/../../../../arm-none-eabi/lib/thumb/v8-m.main+fp/hard\libc.a(lib_a-strncpy.o)
                              ./rt-thread/components/finsh/shell.o (strncpy)
d:/rt-threadstudio/repo/extract/toolchain_support_packages/arm/gnu_tools_for_arm_embedded_processors/10.2.1/bin/../lib/gcc/arm-none-eabi/10.2.1/../../../../arm-none-eabi/lib/thumb/v8-m.main+fp/hard\libc.a(lib_a-strtol.o)
                              d:/rt-threadstudio/repo/extract/toolchain_support_packages/arm/gnu_tools_for_arm_embedded_processors/10.2.1/bin/../lib/gcc/arm-none-eabi/10.2.1/../../../../arm-none-eabi/lib/thumb/v8-m.main+fp/hard\libc.a(lib_a-atoi.o) (_strtol_r)
d:/rt-threadstudio/repo/extract/toolchain_support_packages/arm/gnu_tools_for_arm_embedded_processors/10.2.1/bin/../lib/gcc/arm-none-eabi/10.2.1/../../../../arm-none-eabi/lib/thumb/v8-m.main+fp/hard\libc.a(lib_a-__call_atexit.o)
[...]
Memory Configuration

Name             Origin             Length             Attributes
FLASH            0x00000000         0x00100000         xr
RAM              0x20000000         0x00040000         xrw
DATA_FLASH       0x08000000         0x00002000         xr
QSPI_FLASH       0x60000000         0x04000000         xr
OSPI_DEVICE_0    0x68000000         0x08000000         xr
OSPI_DEVICE_1    0x70000000         0x10000000         xr
OSPI_DEVICE_0_RAM 0x68000000         0x08000000         xrw
OSPI_DEVICE_1_RAM 0x70000000         0x10000000         xrw
SDRAM            0x90000000         0x00000000         xrw
OPTION_SETTING   0x0100a100         0x00000100         r
OPTION_SETTING_S 0x0100a200         0x00000100         r
ID_CODE          0x00000000         0x00000000         xr
*default*        0x00000000         0xffffffff

Linker script and memory map

LOAD d:/rt-threadstudio/repo/extract/toolchain_support_packages/arm/gnu_tools_for_arm_embedded_processors/10.2.1/bin/../lib/gcc/arm-none-eabi/10.2.1/thumb/v8-m.main+fp/hard/crti.o
LOAD d:/rt-threadstudio/repo/extract/toolchain_support_packages/arm/gnu_tools_for_arm_embedded_processors/10.2.1/bin/../lib/gcc/arm-none-eabi/10.2.1/thumb/v8-m.main+fp/hard/crtbegin.o
LOAD d:/rt-threadstudio/repo/extract/toolchain_support_packages/arm/gnu_tools_for_arm_embedded_processors/10.2.1/bin/../lib/gcc/arm-none-eabi/10.2.1/../../../../arm-none-eabi/lib/thumb/v8-m.main+fp/hard/crt0.o
LOAD ./src/hal_entry.o
LOAD ./rt-thread/src/clock.o
LOAD ./rt-thread/src/components.o
LOAD ./rt-thread/src/device.o
LOAD ./rt-thread/src/idle.o
LOAD ./rt-thread/src/ipc.o
LOAD ./rt-thread/src/irq.o
LOAD ./rt-thread/src/kservice.o
LOAD ./rt-thread/src/mem.o
LOAD ./rt-thread/src/object.o
LOAD ./rt-thread/src/scheduler.o
LOAD ./rt-thread/src/thread.o
LOAD ./rt-thread/src/timer.o
LOAD ./rt-thread/libcpu/arm/cortex-m4/context_gcc.o
LOAD ./rt-thread/libcpu/arm/cortex-m4/cpuport.o
LOAD ./rt-thread/libcpu/arm/common/backtrace.o
LOAD ./rt-thread/libcpu/arm/common/div0.o
LOAD ./rt-thread/libcpu/arm/common/showmem.o
LOAD ./rt-thread/components/libc/compilers/newlib/syscalls.o
LOAD ./rt-thread/components/libc/compilers/common/stdlib.o
LOAD ./rt-thread/components/libc/compilers/common/time.o
LOAD ./rt-thread/components/finsh/cmd.o
LOAD ./rt-thread/components/finsh/msh.o
LOAD ./rt-thread/components/finsh/shell.o
LOAD ./rt-thread/components/drivers/serial/serial_v2.o
LOAD ./rt-thread/components/drivers/sensors/sensor.o
LOAD ./rt-thread/components/drivers/sensors/sensor_cmd.o
LOAD ./rt-thread/components/drivers/misc/pin.o
LOAD ./rt-thread/components/drivers/ipc/completion.o
LOAD ./rt-thread/components/drivers/ipc/dataqueue.o
LOAD ./rt-thread/components/drivers/ipc/pipe.o
LOAD ./rt-thread/components/drivers/ipc/ringblk_buf.o
LOAD ./rt-thread/components/drivers/ipc/ringbuffer.o
LOAD ./rt-thread/components/drivers/ipc/waitqueue.o
LOAD ./rt-thread/components/drivers/ipc/workqueue.o
LOAD ./rt-thread/components/drivers/i2c/i2c-bit-ops.o
LOAD ./rt-thread/components/drivers/i2c/i2c_core.o
LOAD ./rt-thread/components/drivers/i2c/i2c_dev.o
LOAD ./ra_gen/common_data.o
LOAD ./ra_gen/hal_data.o
LOAD ./ra_gen/main.o
LOAD ./ra_gen/pin_data.o
LOAD ./ra_gen/vector_data.o
LOAD ./ra/fsp/src/r_sci_uart/r_sci_uart.o
LOAD ./ra/fsp/src/r_ioport/r_ioport.o
LOAD ./ra/fsp/src/r_icu/r_icu.o
LOAD ./ra/fsp/src/bsp/mcu/all/bsp_clocks.o
LOAD ./ra/fsp/src/bsp/mcu/all/bsp_common.o
LOAD ./ra/fsp/src/bsp/mcu/all/bsp_delay.o
LOAD ./ra/fsp/src/bsp/mcu/all/bsp_group_irq.o
LOAD ./ra/fsp/src/bsp/mcu/all/bsp_guard.o
LOAD ./ra/fsp/src/bsp/mcu/all/bsp_io.o
LOAD ./ra/fsp/src/bsp/mcu/all/bsp_irq.o
LOAD ./ra/fsp/src/bsp/mcu/all/bsp_register_protection.o
LOAD ./ra/fsp/src/bsp/mcu/all/bsp_rom_registers.o
LOAD ./ra/fsp/src/bsp/mcu/all/bsp_sbrk.o
LOAD ./ra/fsp/src/bsp/mcu/all/bsp_security.o
LOAD ./ra/fsp/src/bsp/cmsis/Device/RENESAS/Source/startup.o
LOAD ./ra/fsp/src/bsp/cmsis/Device/RENESAS/Source/system.o
LOAD ./packages/bmp180-latest/bmp180.o
LOAD ./packages/bmp180-latest/bmp180_sample.o
LOAD ./libraries/HAL_Drivers/drv_common.o
LOAD ./libraries/HAL_Drivers/drv_gpio.o
LOAD ./libraries/HAL_Drivers/drv_soft_i2c.o
LOAD ./libraries/HAL_Drivers/drv_usart_v2.o
LOAD ./board/ports/drv_rw007.o
LOAD d:/rt-threadstudio/repo/extract/toolchain_support_packages/arm/gnu_tools_for_arm_embedded_processors/10.2.1/bin/../lib/gcc/arm-none-eabi/10.2.1/../../../../arm-none-eabi/lib/thumb/v8-m.main+fp/hard\libm.a
LOAD d:/rt-threadstudio/repo/extract/toolchain_support_packages/arm/gnu_tools_for_arm_embedded_processors/10.2.1/bin/../lib/gcc/arm-none-eabi/10.2.1/../../../../arm-none-eabi/lib/thumb/v8-m.main+fp/hard\libc.a
START GROUP
LOAD d:/rt-threadstudio/repo/extract/toolchain_support_packages/arm/gnu_tools_for_arm_embedded_processors/10.2.1/bin/../lib/gcc/arm-none-eabi/10.2.1/thumb/v8-m.main+fp/hard\libgcc.a
LOAD d:/rt-threadstudio/repo/extract/toolchain_support_packages/arm/gnu_tools_for_arm_embedded_processors/10.2.1/bin/../lib/gcc/arm-none-eabi/10.2.1/../../../../arm-none-eabi/lib/thumb/v8-m.main+fp/hard\libc.a
END GROUP
LOAD d:/rt-threadstudio/repo/extract/toolchain_support_packages/arm/gnu_tools_for_arm_embedded_processors/10.2.1/bin/../lib/gcc/arm-none-eabi/10.2.1/thumb/v8-m.main+fp/hard/crtend.o
LOAD d:/rt-threadstudio/repo/extract/toolchain_support_packages/arm/gnu_tools_for_arm_embedded_processors/10.2.1/bin/../lib/gcc/arm-none-eabi/10.2.1/thumb/v8-m.main+fp/hard/crtn.o
                0x20000000                RAM_START = 0x20000000
                0x00040000                RAM_LENGTH = 0x40000
                0x00000000                FLASH_START = 0x0
                0x00100000                FLASH_LENGTH = 0x100000
                0x08000000                DATA_FLASH_START = 0x8000000
                0x00002000                DATA_FLASH_LENGTH = 0x2000
                0x0100a100                OPTION_SETTING_START = 0x100a100
                0x00000100                OPTION_SETTING_LENGTH = 0x100
                0x0100a200                OPTION_SETTING_S_START = 0x100a200
                0x00000100                OPTION_SETTING_S_LENGTH = 0x100
                0x00000000                ID_CODE_START = 0x0
                0x00000000                ID_CODE_LENGTH = 0x0
                0x90000000                SDRAM_START = 0x90000000
                0x00000000                SDRAM_LENGTH = 0x0
                0x60000000                QSPI_FLASH_START = 0x60000000
                0x04000000                QSPI_FLASH_LENGTH = 0x4000000
                0x68000000                OSPI_DEVICE_0_START = 0x68000000
                0x08000000                OSPI_DEVICE_0_LENGTH = 0x8000000
                0x70000000                OSPI_DEVICE_1_START = 0x70000000
                0x10000000                OSPI_DEVICE_1_LENGTH = 0x10000000
                0x04000000                QSPI_FLASH_PRV_LENGTH = DEFINED (QSPI_FLASH_SIZE)?ABSOLUTE (QSPI_FLASH_SIZE):ABSOLUTE (QSPI_FLASH_LENGTH)
                0x08000000                OSPI_DEVICE_0_PRV_LENGTH = DEFINED (OSPI_DEVICE_0_SIZE)?ABSOLUTE (OSPI_DEVICE_0_SIZE):ABSOLUTE (OSPI_DEVICE_0_LENGTH)
                0x10000000                OSPI_DEVICE_1_PRV_LENGTH = DEFINED (OSPI_DEVICE_1_SIZE)?ABSOLUTE (OSPI_DEVICE_1_SIZE):ABSOLUTE (OSPI_DEVICE_1_LENGTH)
                0x00000000                __RESERVE_NS_RAM = ((! (DEFINED (PROJECT_NONSECURE)) && DEFINED (RAM_NS_BUFFER_LENGTH)) && (OPTION_SETTING_S_LENGTH != 0x0))
                0x00000000                RAM_NS_BUFFER_BLOCK_LENGTH = DEFINED (RAM_NS_BUFFER_LENGTH)?ALIGN (RAM_NS_BUFFER_LENGTH, 0x2000):0x0
                0x00000000                RAM_NS_BUFFER_LENGTH = DEFINED (RAM_NS_BUFFER_LENGTH)?RAM_NS_BUFFER_LENGTH:0x0
                0x20040000                RAM_NS_BUFFER_START = ((RAM_START + RAM_LENGTH) - RAM_NS_BUFFER_LENGTH)
                0x20040000                RAM_NS_BUFFER_BLOCK_START = ((RAM_START + RAM_LENGTH) - RAM_NS_BUFFER_BLOCK_LENGTH)
                0x0100a180                OPTION_SETTING_START_NS = 0x100a180
                0x00000001                __bl_FSP_BOOTABLE_IMAGE = 0x1
                0x00000001                __bln_FSP_BOOTABLE_IMAGE = 0x1
                0x00000001                PROJECT_SECURE_OR_FLAT = ((! (DEFINED (PROJECT_NONSECURE)) && OPTION_SETTING_LENGTH) && ! (DEFINED (FSP_BOOTABLE_IMAGE)))
                0x00000000                USE_OPTION_SETTING_NS = (DEFINED (PROJECT_NONSECURE) && ! (DEFINED (FSP_BOOTABLE_IMAGE)))
                0x00000000                __bl_FLASH_IMAGE_START = ! (DEFINED (FLASH_BOOTLOADER_LENGTH))?0x0:(FLASH_APPLICATION_IMAGE_NUMBER == 0x1)?(FLASH_BOOTLOADER_LENGTH + FLASH_BOOTLOADER_HEADER_LENGTH):(((FLASH_BOOTLOADER_LENGTH + FLASH_BOOTLOADER_SCRATCH_LENGTH) + FLASH_APPLICATION_S_LENGTH) + FLASH_BOOTLOADER_HEADER_LENGTH)
                0x00000000                __bl_FLASH_IMAGE_LENGTH = ! (DEFINED (FLASH_BOOTLOADER_LENGTH))?0x0:(FLASH_APPLICATION_S_LENGTH - FLASH_BOOTLOADER_HEADER_LENGTH)
                0x00000000                __bl_FLASH_IMAGE_END = (__bl_FLASH_IMAGE_START + __bl_FLASH_IMAGE_LENGTH)
                0x00000000                __bl_FLASH_NS_START = ! (DEFINED (FLASH_BOOTLOADER_LENGTH))?0x0:(FLASH_APPLICATION_NS_LENGTH == 0x0)?__bl_FLASH_IMAGE_END:((__bl_FLASH_IMAGE_START - FLASH_BOOTLOADER_HEADER_LENGTH) + FLASH_APPLICATION_S_LENGTH)
                0x00000000                __bl_FLASH_NSC_START = ! (DEFINED (FLASH_BOOTLOADER_LENGTH))?0x0:(FLASH_APPLICATION_NS_LENGTH == 0x0)?__bl_FLASH_IMAGE_END:(__bl_FLASH_NS_START - FLASH_APPLICATION_NSC_LENGTH)
                0x00000000                __bl_RAM_NS_START = ! (DEFINED (FLASH_BOOTLOADER_LENGTH))?0x0:(FLASH_APPLICATION_NS_LENGTH == 0x0)?(RAM_START + RAM_LENGTH):((RAM_START + RAM_LENGTH) - RAM_APPLICATION_NS_LENGTH)
                0x00000000                __bl_RAM_NSC_START = ! (DEFINED (FLASH_BOOTLOADER_LENGTH))?0x0:(FLASH_APPLICATION_NS_LENGTH == 0x0)?(RAM_START + RAM_LENGTH):(__bl_RAM_NS_START - RAM_APPLICATION_NSC_LENGTH)
                0x00000000                __bl_FLASH_NS_IMAGE_START = ! (DEFINED (FLASH_BOOTLOADER_LENGTH))?0x0:(FLASH_APPLICATION_NS_LENGTH == 0x0)?__bl_FLASH_IMAGE_END:(__bl_FLASH_NS_START + FLASH_BOOTLOADER_HEADER_LENGTH_2)
                0x00000000                __bln_FLASH_IMAGE_START = __bl_FLASH_NS_IMAGE_START
                0x00000000                __bln_FLASH_IMAGE_LENGTH = ! (DEFINED (FLASH_BOOTLOADER_LENGTH))?0x0:(FLASH_APPLICATION_NS_LENGTH == 0x0)?__bl_FLASH_IMAGE_END:(FLASH_APPLICATION_NS_LENGTH - FLASH_BOOTLOADER_HEADER_LENGTH_2)
                0x00000000                FLASH_ORIGIN = DEFINED (FLASH_IMAGE_START)?FLASH_IMAGE_START:FLASH_START
                0x00100000                LIMITED_FLASH_LENGTH = DEFINED (FLASH_IMAGE_LENGTH)?FLASH_IMAGE_LENGTH:DEFINED (FLASH_BOOTLOADER_LENGTH)?FLASH_BOOTLOADER_LENGTH:FLASH_LENGTH
START GROUP
LOAD d:/rt-threadstudio/repo/extract/toolchain_support_packages/arm/gnu_tools_for_arm_embedded_processors/10.2.1/bin/../lib/gcc/arm-none-eabi/10.2.1/thumb/v8-m.main+fp/hard\libgcc.a
LOAD d:/rt-threadstudio/repo/extract/toolchain_support_packages/arm/gnu_tools_for_arm_embedded_processors/10.2.1/bin/../lib/gcc/arm-none-eabi/10.2.1/../../../../arm-none-eabi/lib/thumb/v8-m.main+fp/hard\libc.a
LOAD d:/rt-threadstudio/repo/extract/toolchain_support_packages/arm/gnu_tools_for_arm_embedded_processors/10.2.1/bin/../lib/gcc/arm-none-eabi/10.2.1/../../../../arm-none-eabi/lib/thumb/v8-m.main+fp/hard\libm.a
LOAD d:/rt-threadstudio/repo/extract/toolchain_support_packages/arm/gnu_tools_for_arm_embedded_processors/10.2.1/bin/../lib/gcc/arm-none-eabi/10.2.1/../../../../arm-none-eabi/lib/thumb/v8-m.main+fp/hard\libnosys.a
END GROUP

.text           0x00000000    0x11cd8
                0x00000000                __tz_FLASH_S = ABSOLUTE (FLASH_START)
                0x00000000                __ROM_Start = .
 *(.fixed_vectors*)
 .fixed_vectors
                0x00000000       0x40 ./ra/fsp/src/bsp/cmsis/Device/RENESAS/Source/startup.o
                0x00000000                __Vectors
 *(.application_vectors*)
 .application_vectors
                0x00000040      0x180 ./ra_gen/vector_data.o
                0x00000040                g_vector_table
                0x000001c0                __Vectors_End = .
                0x000001c0                . = (OPTION_SETTING_LENGTH > 0x0)?.:(__ROM_Start + 0x400)
 *(.rom_registers*)
                0x000001c0                . = (OPTION_SETTING_LENGTH > 0x0)?.:(__ROM_Start + 0x500)
                0x00000200                . = ALIGN (0x80)
 *fill*         0x000001c0       0x40 ff
 *(.mcuboot_sce9_key*)
 *(.text*)
 .text          0x00000200       0x40 d:/rt-threadstudio/repo/extract/toolchain_support_packages/arm/gnu_tools_for_arm_embedded_processors/10.2.1/bin/../lib/gcc/arm-none-eabi/10.2.1/thumb/v8-m.main+fp/hard/crtbegin.o
 .text.hal_entry
                0x00000240       0x34 ./src/hal_entry.o
                0x00000240                hal_entry
 .text.irq_callback_test
                0x00000274       0x1c ./src/hal_entry.o
                0x00000274                irq_callback_test
 .text.icu_sample
                0x00000290       0x68 ./src/hal_entry.o
                0x00000290                icu_sample
 .text.rt_tick_get
                0x000002f8       0x18 ./rt-thread/src/clock.o
                0x000002f8                rt_tick_get
 .text.rt_tick_increase
                0x00000310       0x7c ./rt-thread/src/clock.o
                0x00000310                rt_tick_increase
 .text.rt_tick_from_millisecond
                0x0000038c       0x78 ./rt-thread/src/clock.o
                0x0000038c                rt_tick_from_millisecond
 .text.rti_start
                0x00000404       0x10 ./rt-thread/src/components.o
 .text.rti_board_start
                0x00000414       0x10 ./rt-thread/src/components.o
 .text.rti_board_end
                0x00000424       0x10 ./rt-thread/src/components.o
 .text.rti_end  0x00000434       0x10 ./rt-thread/src/components.o
 .text.rt_components_board_init
                0x00000444       0x34 ./rt-thread/src/components.o
                0x00000444                rt_components_board_init
 .text.rt_components_init
                0x00000478       0x34 ./rt-thread/src/components.o
                0x00000478                rt_components_init
 .text.entry    0x000004ac        0xe ./rt-thread/src/components.o
                0x000004ac                entry
 .text.main_thread_entry
                0x000004ba       0x18 ./rt-thread/src/components.o
                0x000004ba                main_thread_entry
 *fill*         0x000004d2        0x2 ff
 .text.rt_application_init
                0x000004d4       0x4c ./rt-thread/src/components.o
                0x000004d4                rt_application_init
 .text.rtthread_startup
                0x00000520       0x2e ./rt-thread/src/components.o
                0x00000520                rtthread_startup
 .text.rt_device_register
                0x0000054e       0x54 ./rt-thread/src/device.o
                0x0000054e                rt_device_register
 .text.rt_device_find
                0x000005a2       0x1a ./rt-thread/src/device.o
                0x000005a2                rt_device_find
 .text.rt_device_open
                0x000005bc      0x108 ./rt-thread/src/device.o
                0x000005bc                rt_device_open
 .text.rt_device_close
                0x000006c4       0x9c ./rt-thread/src/device.o
                0x000006c4                rt_device_close
 .text.rt_device_read
                0x00000760       0x88 ./rt-thread/src/device.o
                0x00000760                rt_device_read
 .text.rt_device_write
                0x000007e8       0x88 ./rt-thread/src/device.o
                0x000007e8                rt_device_write
 .text.rt_device_control
                0x00000870       0x68 ./rt-thread/src/device.o
                0x00000870                rt_device_control
 .text.rt_device_set_rx_indicate
                0x000008d8       0x54 ./rt-thread/src/device.o
                0x000008d8                rt_device_set_rx_indicate
 .text.rt_list_insert_after
                0x0000092c       0x32 ./rt-thread/src/idle.o
 .text.rt_list_remove
                0x0000095e       0x36 ./rt-thread/src/idle.o
 .text.rt_thread_defunct_enqueue
                0x00000994       0x20 ./rt-thread/src/idle.o
                0x00000994                rt_thread_defunct_enqueue
 .text.rt_thread_defunct_dequeue
                0x000009b4       0x44 ./rt-thread/src/idle.o
                0x000009b4                rt_thread_defunct_dequeue
 .text.rt_defunct_execute
                0x000009f8       0x54 ./rt-thread/src/idle.o
 .text.rt_thread_idle_entry
                0x00000a4c       0x38 ./rt-thread/src/idle.o
 .text.rt_thread_idle_init
                0x00000a84       0x78 ./rt-thread/src/idle.o
                0x00000a84                rt_thread_idle_init
 .text.rt_list_init
                0x00000afc       0x22 ./rt-thread/src/ipc.o
 .text.rt_list_insert_before
                0x00000b1e       0x32 ./rt-thread/src/ipc.o
 .text.rt_list_isempty
                0x00000b50       0x24 ./rt-thread/src/ipc.o
 .text._ipc_object_init
                0x00000b74       0x1c ./rt-thread/src/ipc.o
 .text._ipc_list_suspend
                0x00000b90       0xa4 ./rt-thread/src/ipc.o
 .text._ipc_list_resume
                0x00000c34       0x20 ./rt-thread/src/ipc.o
 .text.rt_sem_init
                0x00000c54       0x88 ./rt-thread/src/ipc.o
                0x00000c54                rt_sem_init
 .text.rt_sem_create
                0x00000cdc       0xac ./rt-thread/src/ipc.o
                0x00000cdc                rt_sem_create
 .text.rt_sem_take
                0x00000d88      0x190 ./rt-thread/src/ipc.o
                0x00000d88                rt_sem_take
 .text.rt_sem_release
                0x00000f18       0xbc ./rt-thread/src/ipc.o
                0x00000f18                rt_sem_release
 .text.rt_mutex_init
                0x00000fd4       0x64 ./rt-thread/src/ipc.o
                0x00000fd4                rt_mutex_init
 .text.rt_mutex_create
                0x00001038       0x88 ./rt-thread/src/ipc.o
                0x00001038                rt_mutex_create
 .text.rt_mutex_take
                0x000010c0      0x21c ./rt-thread/src/ipc.o
                0x000010c0                rt_mutex_take
 .text.rt_mutex_release
                0x000012dc      0x1bc ./rt-thread/src/ipc.o
                0x000012dc                rt_mutex_release
 .text.rt_interrupt_enter
                0x00001498       0x40 ./rt-thread/src/irq.o
                0x00001498                rt_interrupt_enter
 .text.rt_interrupt_leave
                0x000014d8       0x40 ./rt-thread/src/irq.o
                0x000014d8                rt_interrupt_leave
 .text.rt_interrupt_get_nest
                0x00001518       0x28 ./rt-thread/src/irq.o
                0x00001518                rt_interrupt_get_nest
 .text.rt_set_errno
                0x00001540       0x40 ./rt-thread/src/kservice.o
                0x00001540                rt_set_errno
 .text._rt_errno
                0x00001580       0x34 ./rt-thread/src/kservice.o
                0x00001580                _rt_errno
 .text.rt_memset
                0x000015b4       0xb6 ./rt-thread/src/kservice.o
                0x000015b4                rt_memset
 .text.rt_memcpy
                0x0000166a       0xd2 ./rt-thread/src/kservice.o
                0x0000166a                rt_memcpy
 .text.rt_memmove
                0x0000173c       0x82 ./rt-thread/src/kservice.o
                0x0000173c                rt_memmove
 .text.rt_strncpy
                0x000017be       0x64 ./rt-thread/src/kservice.o
                0x000017be                rt_strncpy
 .text.rt_strncmp
                0x00001822       0x4a ./rt-thread/src/kservice.o
                0x00001822                rt_strncmp
 .text.rt_strlen
                0x0000186c       0x2e ./rt-thread/src/kservice.o
                0x0000186c                rt_strlen
 *fill*         0x0000189a        0x2 ff
 .text.rt_show_version
                0x0000189c       0x4c ./rt-thread/src/kservice.o
                0x0000189c                rt_show_version
 .text.divide   0x000018e8       0x68 ./rt-thread/src/kservice.o
 .text.skip_atoi
                0x00001950       0x40 ./rt-thread/src/kservice.o
 .text.print_number
                0x00001990      0x1dc ./rt-thread/src/kservice.o
 .text.rt_vsnprintf
                0x00001b6c      0x4ac ./rt-thread/src/kservice.o
                0x00001b6c                rt_vsnprintf
 .text.rt_vsprintf
                0x00002018       0x24 ./rt-thread/src/kservice.o
                0x00002018                rt_vsprintf
 .text.rt_sprintf
                0x0000203c       0x2c ./rt-thread/src/kservice.o
                0x0000203c                rt_sprintf
 .text.rt_console_get_device
                0x00002068       0x18 ./rt-thread/src/kservice.o
                0x00002068                rt_console_get_device
 .text.rt_console_set_device
                0x00002080       0x58 ./rt-thread/src/kservice.o
                0x00002080                rt_console_set_device
 .text.rt_hw_console_output
                0x000020d8       0x14 ./rt-thread/src/kservice.o
                0x000020d8                rt_hw_console_output
 .text.rt_kprintf
                0x000020ec       0x60 ./rt-thread/src/kservice.o
                0x000020ec                rt_kprintf
 .text._heap_lock_init
                0x0000214c       0x1c ./rt-thread/src/kservice.o
 .text._heap_lock
                0x00002168       0x28 ./rt-thread/src/kservice.o
 .text._heap_unlock
                0x00002190       0x40 ./rt-thread/src/kservice.o
 .text._smem_info
                0x000021d0       0x4c ./rt-thread/src/kservice.o
 .text.rt_system_heap_init
                0x0000221c       0x64 ./rt-thread/src/kservice.o
                0x0000221c                rt_system_heap_init
 .text.rt_malloc
                0x00002280       0x48 ./rt-thread/src/kservice.o
                0x00002280                rt_malloc
 .text.rt_calloc
                0x000022c8       0x3c ./rt-thread/src/kservice.o
                0x000022c8                rt_calloc
 .text.rt_free  0x00002304       0x38 ./rt-thread/src/kservice.o
                0x00002304                rt_free
 .text.rt_memory_info
                0x0000233c       0x2a ./rt-thread/src/kservice.o
                0x0000233c                rt_memory_info
 *fill*         0x00002366        0x2 ff
 .text.rt_assert_handler
                0x00002368       0x4c ./rt-thread/src/kservice.o
                0x00002368                rt_assert_handler
 .text.plug_holes
                0x000023b4       0xf8 ./rt-thread/src/mem.o
 .text.rt_smem_init
                0x000024ac      0x104 ./rt-thread/src/mem.o
                0x000024ac                rt_smem_init
 .text.rt_smem_alloc
                0x000025b0      0x268 ./rt-thread/src/mem.o
                0x000025b0                rt_smem_alloc
 .text.rt_smem_free
                0x00002818      0x140 ./rt-thread/src/mem.o
                0x00002818                rt_smem_free
 .text.rt_list_insert_after
                0x00002958       0x32 ./rt-thread/src/object.o
 .text.rt_list_remove
                0x0000298a       0x36 ./rt-thread/src/object.o
 .text.rt_object_get_information
                0x000029c0       0x48 ./rt-thread/src/object.o
                0x000029c0                rt_object_get_information
 .text.rt_object_init
                0x00002a08       0xcc ./rt-thread/src/object.o
                0x00002a08                rt_object_init
 .text.rt_object_detach
                0x00002ad4       0x5c ./rt-thread/src/object.o
                0x00002ad4                rt_object_detach
 .text.rt_object_allocate
                0x00002b30       0xd8 ./rt-thread/src/object.o
                0x00002b30                rt_object_allocate
 .text.rt_object_delete
                0x00002c08       0x7c ./rt-thread/src/object.o
                0x00002c08                rt_object_delete
 .text.rt_object_is_systemobject
                0x00002c84       0x3c ./rt-thread/src/object.o
                0x00002c84                rt_object_is_systemobject
 .text.rt_object_get_type
                0x00002cc0       0x34 ./rt-thread/src/object.o
                0x00002cc0                rt_object_get_type
 .text.rt_object_find
                0x00002cf4       0xb4 ./rt-thread/src/object.o
                0x00002cf4                rt_object_find
 .text.rt_list_init
                0x00002da8       0x22 ./rt-thread/src/scheduler.o
 .text.rt_list_insert_before
                0x00002dca       0x32 ./rt-thread/src/scheduler.o
 .text.rt_list_remove
                0x00002dfc       0x36 ./rt-thread/src/scheduler.o
 .text.rt_list_isempty
                0x00002e32       0x24 ./rt-thread/src/scheduler.o
 *fill*         0x00002e56        0x2 ff
 .text._rt_scheduler_stack_check
                0x00002e58       0x94 ./rt-thread/src/scheduler.o
 .text._scheduler_get_highest_priority_thread
                0x00002eec       0x38 ./rt-thread/src/scheduler.o
 .text.rt_system_scheduler_init
                0x00002f24       0x38 ./rt-thread/src/scheduler.o
                0x00002f24                rt_system_scheduler_init
 .text.rt_system_scheduler_start
                0x00002f5c       0x38 ./rt-thread/src/scheduler.o
                0x00002f5c                rt_system_scheduler_start
 .text.rt_schedule
                0x00002f94      0x19c ./rt-thread/src/scheduler.o
                0x00002f94                rt_schedule
 .text.rt_schedule_insert_thread
                0x00003130       0xac ./rt-thread/src/scheduler.o
                0x00003130                rt_schedule_insert_thread
 .text.rt_schedule_remove_thread
                0x000031dc       0x70 ./rt-thread/src/scheduler.o
                0x000031dc                rt_schedule_remove_thread
 .text.rt_enter_critical
                0x0000324c       0x2c ./rt-thread/src/scheduler.o
                0x0000324c                rt_enter_critical
 .text.rt_exit_critical
                0x00003278       0x54 ./rt-thread/src/scheduler.o
                0x00003278                rt_exit_critical
 .text.rt_critical_level
                0x000032cc       0x1c ./rt-thread/src/scheduler.o
                0x000032cc                rt_critical_level
 .text.rt_list_init
                0x000032e8       0x22 ./rt-thread/src/thread.o
 .text.rt_list_remove
                0x0000330a       0x36 ./rt-thread/src/thread.o
 .text._thread_exit
                0x00003340       0x42 ./rt-thread/src/thread.o
 *fill*         0x00003382        0x2 ff
 .text._thread_timeout
                0x00003384       0x8c ./rt-thread/src/thread.o
 .text._thread_init
                0x00003410       0xfc ./rt-thread/src/thread.o
 .text.rt_thread_init
                0x0000350c       0x70 ./rt-thread/src/thread.o
                0x0000350c                rt_thread_init
 .text.rt_thread_self
                0x0000357c       0x18 ./rt-thread/src/thread.o
                0x0000357c                rt_thread_self
 .text.rt_thread_startup
                0x00003594       0x94 ./rt-thread/src/thread.o
                0x00003594                rt_thread_startup
 .text.rt_thread_detach
                0x00003628       0xb0 ./rt-thread/src/thread.o
                0x00003628                rt_thread_detach
 .text.rt_thread_create
                0x000036d8       0x62 ./rt-thread/src/thread.o
                0x000036d8                rt_thread_create
 *fill*         0x0000373a        0x2 ff
 .text.rt_thread_delete
                0x0000373c       0xb0 ./rt-thread/src/thread.o
                0x0000373c                rt_thread_delete
 .text.rt_thread_sleep
                0x000037ec       0x94 ./rt-thread/src/thread.o
                0x000037ec                rt_thread_sleep
 .text.rt_thread_delay
                0x00003880       0x18 ./rt-thread/src/thread.o
                0x00003880                rt_thread_delay
 .text.rt_thread_mdelay
                0x00003898       0x20 ./rt-thread/src/thread.o
                0x00003898                rt_thread_mdelay
 .text.rt_thread_control
                0x000038b8       0xfc ./rt-thread/src/thread.o
                0x000038b8                rt_thread_control
 .text.rt_thread_suspend
                0x000039b4       0xc8 ./rt-thread/src/thread.o
                0x000039b4                rt_thread_suspend
 .text.rt_thread_resume
                0x00003a7c       0x98 ./rt-thread/src/thread.o
                0x00003a7c                rt_thread_resume
 .text.rt_list_init
                0x00003b14       0x22 ./rt-thread/src/timer.o
 .text.rt_list_insert_after
                0x00003b36       0x32 ./rt-thread/src/timer.o
 .text.rt_list_remove
                0x00003b68       0x36 ./rt-thread/src/timer.o
 .text.rt_list_isempty
                0x00003b9e       0x24 ./rt-thread/src/timer.o
 .text._timer_init
                0x00003bc2       0x6a ./rt-thread/src/timer.o
 .text._timer_list_next_timeout
                0x00003c2c       0x48 ./rt-thread/src/timer.o
 .text._timer_remove
                0x00003c74       0x36 ./rt-thread/src/timer.o
 *fill*         0x00003caa        0x2 ff
 .text.rt_timer_init
                0x00003cac       0x7c ./rt-thread/src/timer.o
                0x00003cac                rt_timer_init
 .text.rt_timer_detach
                0x00003d28       0x90 ./rt-thread/src/timer.o
                0x00003d28                rt_timer_detach
 .text.rt_timer_start
                0x00003db8      0x224 ./rt-thread/src/timer.o
                0x00003db8                rt_timer_start
 .text.rt_timer_stop
                0x00003fdc       0x94 ./rt-thread/src/timer.o
                0x00003fdc                rt_timer_stop
 .text.rt_timer_control
                0x00004070       0xf8 ./rt-thread/src/timer.o
                0x00004070                rt_timer_control
 .text.rt_timer_check
                0x00004168      0x108 ./rt-thread/src/timer.o
                0x00004168                rt_timer_check
 .text.rt_soft_timer_check
                0x00004270      0x11c ./rt-thread/src/timer.o
                0x00004270                rt_soft_timer_check
 .text._timer_thread_entry
                0x0000438c       0x5c ./rt-thread/src/timer.o
 .text.rt_system_timer_init
                0x000043e8       0x34 ./rt-thread/src/timer.o
                0x000043e8                rt_system_timer_init
 .text.rt_system_timer_thread_init
                0x0000441c       0x68 ./rt-thread/src/timer.o
                0x0000441c                rt_system_timer_thread_init
 .text          0x00004484      0x13c ./rt-thread/libcpu/arm/cortex-m4/context_gcc.o
                0x00004484                rt_hw_interrupt_disable
                0x0000448c                rt_hw_interrupt_enable
                0x00004492                rt_hw_context_switch_interrupt
                0x00004492                rt_hw_context_switch
                0x000044b2                PendSV_Handler
                0x0000451e                rt_hw_context_switch_to
                0x00004564                rt_hw_interrupt_thread_switch
                0x00004568                HardFault_Handler
 .text.rt_hw_stack_init
                0x000045c0       0x90 ./rt-thread/libcpu/arm/cortex-m4/cpuport.o
                0x000045c0                rt_hw_stack_init
 .text.usage_fault_track
                0x00004650       0xc4 ./rt-thread/libcpu/arm/cortex-m4/cpuport.o
 .text.bus_fault_track
                0x00004714       0xcc ./rt-thread/libcpu/arm/cortex-m4/cpuport.o
 .text.mem_manage_fault_track
                0x000047e0       0xb4 ./rt-thread/libcpu/arm/cortex-m4/cpuport.o
 .text.hard_fault_track
                0x00004894       0x78 ./rt-thread/libcpu/arm/cortex-m4/cpuport.o
 .text.rt_hw_hard_fault_exception
                0x0000490c      0x184 ./rt-thread/libcpu/arm/cortex-m4/cpuport.o
                0x0000490c                rt_hw_hard_fault_exception
 .text.__rt_ffs
                0x00004a90       0x2a ./rt-thread/libcpu/arm/cortex-m4/cpuport.o
                0x00004a90                __rt_ffs
 .text.__errno  0x00004aba        0xe ./rt-thread/components/libc/compilers/newlib/syscalls.o
                0x00004aba                __errno
 .text.rt_list_isempty
                0x00004ac8       0x24 ./rt-thread/components/finsh/cmd.o
 .text.rt_list_len
                0x00004aec       0x36 ./rt-thread/components/finsh/cmd.o
 *fill*         0x00004b22        0x2 ff
 .text.clear    0x00004b24       0x14 ./rt-thread/components/finsh/cmd.o
 .text.version  0x00004b38        0xe ./rt-thread/components/finsh/cmd.o
                0x00004b38                version
 *fill*         0x00004b46        0x2 ff
 .text.object_split
                0x00004b48       0x28 ./rt-thread/components/finsh/cmd.o
 .text.list_find_init
                0x00004b70       0x46 ./rt-thread/components/finsh/cmd.o
 .text.list_get_next
                0x00004bb6       0xc6 ./rt-thread/components/finsh/cmd.o
 .text.list_thread
                0x00004c7c      0x208 ./rt-thread/components/finsh/cmd.o
                0x00004c7c                list_thread
 .text.show_wait_queue
                0x00004e84       0x54 ./rt-thread/components/finsh/cmd.o
 .text.list_sem
                0x00004ed8      0x12c ./rt-thread/components/finsh/cmd.o
                0x00004ed8                list_sem
 .text.list_event
                0x00005004      0x118 ./rt-thread/components/finsh/cmd.o
                0x00005004                list_event
 .text.list_mutex
                0x0000511c       0xe8 ./rt-thread/components/finsh/cmd.o
                0x0000511c                list_mutex
 .text.list_mailbox
                0x00005204      0x13c ./rt-thread/components/finsh/cmd.o
                0x00005204                list_mailbox
 .text.list_msgqueue
                0x00005340      0x12c ./rt-thread/components/finsh/cmd.o
                0x00005340                list_msgqueue
 .text.list_timer
                0x0000546c      0x128 ./rt-thread/components/finsh/cmd.o
                0x0000546c                list_timer
 .text.list_device
                0x00005594       0xf0 ./rt-thread/components/finsh/cmd.o
                0x00005594                list_device
 .text.msh_help
                0x00005684       0x5c ./rt-thread/components/finsh/msh.o
                0x00005684                msh_help
 .text.cmd_ps   0x000056e0       0x18 ./rt-thread/components/finsh/msh.o
                0x000056e0                cmd_ps
 .text.cmd_free
                0x000056f8       0x5c ./rt-thread/components/finsh/msh.o
                0x000056f8                cmd_free
 .text.msh_split
                0x00005754      0x170 ./rt-thread/components/finsh/msh.o
 .text.msh_get_cmd
                0x000058c4       0x64 ./rt-thread/components/finsh/msh.o
 .text._msh_exec_cmd
                0x00005928       0xd4 ./rt-thread/components/finsh/msh.o
 .text.msh_exec
                0x000059fc       0x8c ./rt-thread/components/finsh/msh.o
                0x000059fc                msh_exec
 .text.str_common
                0x00005a88       0x4a ./rt-thread/components/finsh/msh.o
 *fill*         0x00005ad2        0x2 ff
 .text.msh_auto_complete
                0x00005ad4       0xb0 ./rt-thread/components/finsh/msh.o
                0x00005ad4                msh_auto_complete
 .text.finsh_get_prompt
                0x00005b84       0x7c ./rt-thread/components/finsh/shell.o
                0x00005b84                finsh_get_prompt
 .text.finsh_set_prompt_mode
                0x00005c00       0x48 ./rt-thread/components/finsh/shell.o
                0x00005c00                finsh_set_prompt_mode
 .text.finsh_getchar
                0x00005c48       0x90 ./rt-thread/components/finsh/shell.o
                0x00005c48                finsh_getchar
 .text.finsh_rx_ind
                0x00005cd8       0x3c ./rt-thread/components/finsh/shell.o
 .text.finsh_set_device
                0x00005d14       0xd8 ./rt-thread/components/finsh/shell.o
                0x00005d14                finsh_set_device
 .text.shell_auto_complete
                0x00005dec       0x34 ./rt-thread/components/finsh/shell.o
 .text.shell_handle_history
                0x00005e20       0x34 ./rt-thread/components/finsh/shell.o
 .text.shell_push_history
                0x00005e54      0x15e ./rt-thread/components/finsh/shell.o
 *fill*         0x00005fb2        0x2 ff
 .text.finsh_thread_entry
                0x00005fb4      0x5cc ./rt-thread/components/finsh/shell.o
                0x00005fb4                finsh_thread_entry
 .text.finsh_system_function_init
                0x00006580       0x2c ./rt-thread/components/finsh/shell.o
                0x00006580                finsh_system_function_init
 .text.finsh_system_init
                0x000065ac       0x9c ./rt-thread/components/finsh/shell.o
                0x000065ac                finsh_system_init
 .text.rt_serial_get_linear_buffer
                0x00006648       0x8c ./rt-thread/components/drivers/serial/serial_v2.o
 .text.rt_serial_update_read_index
                0x000066d4       0xcc ./rt-thread/components/drivers/serial/serial_v2.o
 .text.rt_serial_update_write_index
                0x000067a0       0xe8 ./rt-thread/components/drivers/serial/serial_v2.o
 .text._serial_poll_rx
                0x00006888       0xa4 ./rt-thread/components/drivers/serial/serial_v2.o
                0x00006888                _serial_poll_rx
 .text._serial_poll_tx
                0x0000692c       0x9c ./rt-thread/components/drivers/serial/serial_v2.o
                0x0000692c                _serial_poll_tx
 .text._serial_fifo_rx
                0x000069c8       0xf4 ./rt-thread/components/drivers/serial/serial_v2.o
 .text._serial_fifo_tx_blocking_nbuf
                0x00006abc       0xb0 ./rt-thread/components/drivers/serial/serial_v2.o
 .text._serial_fifo_tx_blocking_buf
                0x00006b6c      0x118 ./rt-thread/components/drivers/serial/serial_v2.o
 .text._serial_fifo_tx_nonblocking
                0x00006c84       0xd4 ./rt-thread/components/drivers/serial/serial_v2.o
 .text.rt_serial_tx_enable
                0x00006d58      0x1e8 ./rt-thread/components/drivers/serial/serial_v2.o
 .text.rt_serial_rx_enable
                0x00006f40      0x15c ./rt-thread/components/drivers/serial/serial_v2.o
 .text.rt_serial_rx_disable
                0x0000709c       0xb4 ./rt-thread/components/drivers/serial/serial_v2.o
 .text.rt_serial_tx_disable
                0x00007150       0xc0 ./rt-thread/components/drivers/serial/serial_v2.o
 .text.rt_serial_init
                0x00007210       0x5c ./rt-thread/components/drivers/serial/serial_v2.o
 .text.rt_serial_open
                0x0000726c       0xf4 ./rt-thread/components/drivers/serial/serial_v2.o
 .text.rt_serial_close
                0x00007360       0x90 ./rt-thread/components/drivers/serial/serial_v2.o
 .text.rt_serial_control
                0x000073f0       0xb8 ./rt-thread/components/drivers/serial/serial_v2.o
 .text.rt_hw_serial_register
                0x000074a8       0x94 ./rt-thread/components/drivers/serial/serial_v2.o
                0x000074a8                rt_hw_serial_register
 .text.rt_hw_serial_isr
                0x0000753c      0x210 ./rt-thread/components/drivers/serial/serial_v2.o
                0x0000753c                rt_hw_serial_isr
 .text.rt_sensor_cb
                0x0000774c       0x84 ./rt-thread/components/drivers/sensors/sensor.o
                0x0000774c                rt_sensor_cb
 .text.irq_callback
                0x000077d0       0x54 ./rt-thread/components/drivers/sensors/sensor.o
 .text.rt_sensor_irq_init
                0x00007824       0xc4 ./rt-thread/components/drivers/sensors/sensor.o
 .text.local_fetch_data
                0x000078e8       0x1a ./rt-thread/components/drivers/sensors/sensor.o
 .text.local_control
                0x00007902       0x1a ./rt-thread/components/drivers/sensors/sensor.o
 .text.rt_sensor_open
                0x0000791c      0x188 ./rt-thread/components/drivers/sensors/sensor.o
 .text.rt_sensor_close
                0x00007aa4      0x168 ./rt-thread/components/drivers/sensors/sensor.o
 .text.rt_sensor_read
                0x00007c0c       0xe8 ./rt-thread/components/drivers/sensors/sensor.o
 .text.rt_sensor_control
                0x00007cf4      0x16c ./rt-thread/components/drivers/sensors/sensor.o
 .text.rt_hw_sensor_register
                0x00007e60      0x1c0 ./rt-thread/components/drivers/sensors/sensor.o
                0x00007e60                rt_hw_sensor_register
 .text.sensor_show_data
                0x00008020      0x408 ./rt-thread/components/drivers/sensors/sensor_cmd.o
 .text.rx_callback
                0x00008428       0x24 ./rt-thread/components/drivers/sensors/sensor_cmd.o
 .text.sensor_fifo_rx_entry
                0x0000844c       0xb0 ./rt-thread/components/drivers/sensors/sensor_cmd.o
 .text.sensor_fifo
                0x000084fc      0x108 ./rt-thread/components/drivers/sensors/sensor_cmd.o
 .text.sensor_irq_rx_entry
                0x00008604       0x50 ./rt-thread/components/drivers/sensors/sensor_cmd.o
 .text.sensor_int
                0x00008654      0x108 ./rt-thread/components/drivers/sensors/sensor_cmd.o
 .text.sensor_polling
                0x0000875c      0x10c ./rt-thread/components/drivers/sensors/sensor_cmd.o
 .text.sensor   0x00008868      0x5f0 ./rt-thread/components/drivers/sensors/sensor_cmd.o
 .text._pin_read
                0x00008e58       0x60 ./rt-thread/components/drivers/misc/pin.o
 .text._pin_write
                0x00008eb8       0x5c ./rt-thread/components/drivers/misc/pin.o
 .text._pin_control
                0x00008f14       0x58 ./rt-thread/components/drivers/misc/pin.o
 .text.rt_device_pin_register
                0x00008f6c       0x74 ./rt-thread/components/drivers/misc/pin.o
                0x00008f6c                rt_device_pin_register
 .text.rt_pin_attach_irq
                0x00008fe0       0x5c ./rt-thread/components/drivers/misc/pin.o
                0x00008fe0                rt_pin_attach_irq
 .text.rt_pin_irq_enable
                0x0000903c       0x50 ./rt-thread/components/drivers/misc/pin.o
                0x0000903c                rt_pin_irq_enable
 .text.rt_pin_mode
                0x0000908c       0x40 ./rt-thread/components/drivers/misc/pin.o
                0x0000908c                rt_pin_mode
 .text.rt_pin_write
                0x000090cc       0x40 ./rt-thread/components/drivers/misc/pin.o
                0x000090cc                rt_pin_write
 .text.rt_pin_read
                0x0000910c       0x3c ./rt-thread/components/drivers/misc/pin.o
                0x0000910c                rt_pin_read
 .text.rt_pin_get
                0x00009148       0x60 ./rt-thread/components/drivers/misc/pin.o
                0x00009148                rt_pin_get
 .text.rt_list_init
                0x000091a8       0x22 ./rt-thread/components/drivers/ipc/completion.o
 .text.rt_list_insert_before
                0x000091ca       0x32 ./rt-thread/components/drivers/ipc/completion.o
 .text.rt_list_isempty
                0x000091fc       0x24 ./rt-thread/components/drivers/ipc/completion.o
 .text.rt_completion_init
                0x00009220       0x44 ./rt-thread/components/drivers/ipc/completion.o
                0x00009220                rt_completion_init
 .text.rt_completion_wait
                0x00009264      0x15c ./rt-thread/components/drivers/ipc/completion.o
                0x00009264                rt_completion_wait
 .text.rt_completion_done
                0x000093c0       0x70 ./rt-thread/components/drivers/ipc/completion.o
                0x000093c0                rt_completion_done
 .text.rt_ringbuffer_status
                0x00009430       0x4e ./rt-thread/components/drivers/ipc/ringbuffer.o
 *fill*         0x0000947e        0x2 ff
 .text.rt_ringbuffer_init
                0x00009480       0xa0 ./rt-thread/components/drivers/ipc/ringbuffer.o
                0x00009480                rt_ringbuffer_init
 .text.rt_ringbuffer_put
                0x00009520      0x16c ./rt-thread/components/drivers/ipc/ringbuffer.o
                0x00009520                rt_ringbuffer_put
 .text.rt_ringbuffer_get
                0x0000968c      0x15c ./rt-thread/components/drivers/ipc/ringbuffer.o
                0x0000968c                rt_ringbuffer_get
 .text.rt_ringbuffer_putchar
                0x000097e8       0xbc ./rt-thread/components/drivers/ipc/ringbuffer.o
                0x000097e8                rt_ringbuffer_putchar
 .text.rt_ringbuffer_data_len
                0x000098a4       0x66 ./rt-thread/components/drivers/ipc/ringbuffer.o
                0x000098a4                rt_ringbuffer_data_len
 .text.i2c_delay
                0x0000990a       0x20 ./rt-thread/components/drivers/i2c/i2c-bit-ops.o
 .text.i2c_delay2
                0x0000992a       0x1c ./rt-thread/components/drivers/i2c/i2c-bit-ops.o
 .text.SCL_H    0x00009946       0x72 ./rt-thread/components/drivers/i2c/i2c-bit-ops.o
 .text.i2c_start
                0x000099b8       0x32 ./rt-thread/components/drivers/i2c/i2c-bit-ops.o
 .text.i2c_restart
                0x000099ea       0x4c ./rt-thread/components/drivers/i2c/i2c-bit-ops.o
 .text.i2c_stop
                0x00009a36       0x44 ./rt-thread/components/drivers/i2c/i2c-bit-ops.o
 *fill*         0x00009a7a        0x2 ff
 .text.i2c_waitack
                0x00009a7c       0x80 ./rt-thread/components/drivers/i2c/i2c-bit-ops.o
 .text.i2c_writeb
                0x00009afc       0x8c ./rt-thread/components/drivers/i2c/i2c-bit-ops.o
 .text.i2c_readb
                0x00009b88       0x88 ./rt-thread/components/drivers/i2c/i2c-bit-ops.o
 .text.i2c_send_bytes
                0x00009c10       0x98 ./rt-thread/components/drivers/i2c/i2c-bit-ops.o
 .text.i2c_send_ack_or_nack
                0x00009ca8       0x74 ./rt-thread/components/drivers/i2c/i2c-bit-ops.o
 .text.i2c_recv_bytes
                0x00009d1c       0x7c ./rt-thread/components/drivers/i2c/i2c-bit-ops.o
 .text.i2c_send_address
                0x00009d98       0x62 ./rt-thread/components/drivers/i2c/i2c-bit-ops.o
 *fill*         0x00009dfa        0x2 ff
 .text.i2c_bit_send_address
                0x00009dfc      0x164 ./rt-thread/components/drivers/i2c/i2c-bit-ops.o
 .text.i2c_bit_xfer
                0x00009f60      0x106 ./rt-thread/components/drivers/i2c/i2c-bit-ops.o
 *fill*         0x0000a066        0x2 ff
 .text.rt_i2c_bit_add_bus
                0x0000a068       0x28 ./rt-thread/components/drivers/i2c/i2c-bit-ops.o
                0x0000a068                rt_i2c_bit_add_bus
 .text.rt_i2c_bus_device_register
                0x0000a090       0x64 ./rt-thread/components/drivers/i2c/i2c_core.o
                0x0000a090                rt_i2c_bus_device_register
 .text.rt_i2c_bus_device_find
                0x0000a0f4       0x54 ./rt-thread/components/drivers/i2c/i2c_core.o
                0x0000a0f4                rt_i2c_bus_device_find
 .text.rt_i2c_transfer
                0x0000a148       0x6c ./rt-thread/components/drivers/i2c/i2c_core.o
                0x0000a148                rt_i2c_transfer
 .text.rt_i2c_control
                0x0000a1b4       0x54 ./rt-thread/components/drivers/i2c/i2c_core.o
                0x0000a1b4                rt_i2c_control
 .text.rt_i2c_master_send
                0x0000a208       0x4a ./rt-thread/components/drivers/i2c/i2c_core.o
                0x0000a208                rt_i2c_master_send
 *fill*         0x0000a252        0x2 ff
 .text.rt_i2c_master_recv
                0x0000a254       0x68 ./rt-thread/components/drivers/i2c/i2c_core.o
                0x0000a254                rt_i2c_master_recv
 .text.rt_i2c_core_init
                0x0000a2bc       0x10 ./rt-thread/components/drivers/i2c/i2c_core.o
                0x0000a2bc                rt_i2c_core_init
 .text.i2c_bus_device_read
                0x0000a2cc       0x64 ./rt-thread/components/drivers/i2c/i2c_dev.o
 .text.i2c_bus_device_write
                0x0000a330       0x64 ./rt-thread/components/drivers/i2c/i2c_dev.o
 .text.i2c_bus_device_control
                0x0000a394       0xc4 ./rt-thread/components/drivers/i2c/i2c_dev.o
 .text.rt_i2c_bus_device_device_init
                0x0000a458       0x78 ./rt-thread/components/drivers/i2c/i2c_dev.o
                0x0000a458                rt_i2c_bus_device_device_init
 .text.main     0x0000a4d0        0xe ./ra_gen/main.o
                0x0000a4d0                main
 .text.R_FSP_CurrentIrqGet
                0x0000a4de       0x2c ./ra/fsp/src/r_sci_uart/r_sci_uart.o
 *fill*         0x0000a50a        0x2 ff
 .text.R_FSP_IsrContextSet
                0x0000a50c       0x28 ./ra/fsp/src/r_sci_uart/r_sci_uart.o
 .text.R_BSP_IrqStatusClear
                0x0000a534       0x30 ./ra/fsp/src/r_sci_uart/r_sci_uart.o
 .text.R_BSP_IrqClearPending
                0x0000a564       0x40 ./ra/fsp/src/r_sci_uart/r_sci_uart.o
 .text.R_BSP_IrqCfg
                0x0000a5a4       0x3c ./ra/fsp/src/r_sci_uart/r_sci_uart.o
 .text.R_BSP_IrqEnableNoClear
                0x0000a5e0       0x38 ./ra/fsp/src/r_sci_uart/r_sci_uart.o
 .text.R_BSP_IrqEnable
                0x0000a618       0x26 ./ra/fsp/src/r_sci_uart/r_sci_uart.o
 *fill*         0x0000a63e        0x2 ff
 .text.R_BSP_IrqDisable
                0x0000a640       0x48 ./ra/fsp/src/r_sci_uart/r_sci_uart.o
 .text.R_FSP_IsrContextGet
                0x0000a688       0x24 ./ra/fsp/src/r_sci_uart/r_sci_uart.o
 .text.R_SCI_UART_Open
                0x0000a6ac      0x1ac ./ra/fsp/src/r_sci_uart/r_sci_uart.o
                0x0000a6ac                R_SCI_UART_Open
 .text.r_sci_uart_config_set
                0x0000a858      0x120 ./ra/fsp/src/r_sci_uart/r_sci_uart.o
 .text.r_sci_irq_cfg
                0x0000a978       0x3a ./ra/fsp/src/r_sci_uart/r_sci_uart.o
 .text.r_sci_irqs_cfg
                0x0000a9b2       0x5a ./ra/fsp/src/r_sci_uart/r_sci_uart.o
 .text.r_sci_uart_baud_set
                0x0000aa0c       0x58 ./ra/fsp/src/r_sci_uart/r_sci_uart.o
 .text.r_sci_uart_call_callback
                0x0000aa64       0x76 ./ra/fsp/src/r_sci_uart/r_sci_uart.o
 .text.sci_uart_txi_isr
                0x0000aada       0xd0 ./ra/fsp/src/r_sci_uart/r_sci_uart.o
                0x0000aada                sci_uart_txi_isr
 .text.sci_uart_rxi_isr
                0x0000abaa       0xbc ./ra/fsp/src/r_sci_uart/r_sci_uart.o
                0x0000abaa                sci_uart_rxi_isr
 .text.sci_uart_tei_isr
                0x0000ac66       0x4a ./ra/fsp/src/r_sci_uart/r_sci_uart.o
                0x0000ac66                sci_uart_tei_isr
 .text.sci_uart_eri_isr
                0x0000acb0       0xa8 ./ra/fsp/src/r_sci_uart/r_sci_uart.o
                0x0000acb0                sci_uart_eri_isr
 .text.R_BSP_PinRead
                0x0000ad58       0x38 ./ra/fsp/src/r_ioport/r_ioport.o
 .text.R_BSP_PinAccessEnable
                0x0000ad90       0x60 ./ra/fsp/src/r_ioport/r_ioport.o
 .text.R_BSP_PinAccessDisable
                0x0000adf0       0x68 ./ra/fsp/src/r_ioport/r_ioport.o
 .text.R_IOPORT_Open
                0x0000ae58       0x28 ./ra/fsp/src/r_ioport/r_ioport.o
                0x0000ae58                R_IOPORT_Open
 .text.R_IOPORT_Close
                0x0000ae80       0x20 ./ra/fsp/src/r_ioport/r_ioport.o
                0x0000ae80                R_IOPORT_Close
 .text.R_IOPORT_PinsCfg
                0x0000aea0       0x1a ./ra/fsp/src/r_ioport/r_ioport.o
                0x0000aea0                R_IOPORT_PinsCfg
 .text.R_IOPORT_PinCfg
                0x0000aeba       0x46 ./ra/fsp/src/r_ioport/r_ioport.o
                0x0000aeba                R_IOPORT_PinCfg
 .text.R_IOPORT_PinRead
                0x0000af00       0x28 ./ra/fsp/src/r_ioport/r_ioport.o
                0x0000af00                R_IOPORT_PinRead
 .text.R_IOPORT_PortRead
                0x0000af28       0x3a ./ra/fsp/src/r_ioport/r_ioport.o
                0x0000af28                R_IOPORT_PortRead
 .text.R_IOPORT_PortWrite
                0x0000af62       0x62 ./ra/fsp/src/r_ioport/r_ioport.o
                0x0000af62                R_IOPORT_PortWrite
 .text.R_IOPORT_PinWrite
                0x0000afc4       0x6e ./ra/fsp/src/r_ioport/r_ioport.o
                0x0000afc4                R_IOPORT_PinWrite
 .text.R_IOPORT_PortDirectionSet
                0x0000b032       0x72 ./ra/fsp/src/r_ioport/r_ioport.o
                0x0000b032                R_IOPORT_PortDirectionSet
 .text.R_IOPORT_PortEventInputRead
                0x0000b0a4       0x3e ./ra/fsp/src/r_ioport/r_ioport.o
                0x0000b0a4                R_IOPORT_PortEventInputRead
 .text.R_IOPORT_PinEventInputRead
                0x0000b0e2       0x62 ./ra/fsp/src/r_ioport/r_ioport.o
                0x0000b0e2                R_IOPORT_PinEventInputRead
 .text.R_IOPORT_PortEventOutputWrite
                0x0000b144       0x62 ./ra/fsp/src/r_ioport/r_ioport.o
                0x0000b144                R_IOPORT_PortEventOutputWrite
 .text.R_IOPORT_PinEventOutputWrite
                0x0000b1a6       0x5e ./ra/fsp/src/r_ioport/r_ioport.o
                0x0000b1a6                R_IOPORT_PinEventOutputWrite
 .text.R_IOPORT_EthernetModeCfg
                0x0000b204       0x28 ./ra/fsp/src/r_ioport/r_ioport.o
                0x0000b204                R_IOPORT_EthernetModeCfg
 .text.r_ioport_pins_config
                0x0000b22c       0x56 ./ra/fsp/src/r_ioport/r_ioport.o
 .text.r_ioport_hw_pin_event_output_data_write
                0x0000b282       0x88 ./ra/fsp/src/r_ioport/r_ioport.o
 *fill*         0x0000b30a        0x2 ff
 .text.r_ioport_pfs_write
                0x0000b30c       0x78 ./ra/fsp/src/r_ioport/r_ioport.o
 .text.bsp_vbatt_init
                0x0000b384       0xd8 ./ra/fsp/src/r_ioport/r_ioport.o
 .text.R_FSP_CurrentIrqGet
                0x0000b45c       0x2c ./ra/fsp/src/r_icu/r_icu.o
 .text.R_FSP_IsrContextSet
                0x0000b488       0x28 ./ra/fsp/src/r_icu/r_icu.o
 .text.R_BSP_IrqStatusClear
                0x0000b4b0       0x30 ./ra/fsp/src/r_icu/r_icu.o
 .text.R_BSP_IrqClearPending
                0x0000b4e0       0x40 ./ra/fsp/src/r_icu/r_icu.o
 .text.R_BSP_IrqCfg
                0x0000b520       0x3c ./ra/fsp/src/r_icu/r_icu.o
 .text.R_BSP_IrqEnableNoClear
                0x0000b55c       0x38 ./ra/fsp/src/r_icu/r_icu.o
 .text.R_BSP_IrqEnable
                0x0000b594       0x26 ./ra/fsp/src/r_icu/r_icu.o
 *fill*         0x0000b5ba        0x2 ff
 .text.R_BSP_IrqDisable
                0x0000b5bc       0x48 ./ra/fsp/src/r_icu/r_icu.o
 .text.R_FSP_IsrContextGet
                0x0000b604       0x24 ./ra/fsp/src/r_icu/r_icu.o
 .text.R_ICU_ExternalIrqOpen
                0x0000b628       0xcc ./ra/fsp/src/r_icu/r_icu.o
                0x0000b628                R_ICU_ExternalIrqOpen
 .text.R_ICU_ExternalIrqEnable
                0x0000b6f4       0x22 ./ra/fsp/src/r_icu/r_icu.o
                0x0000b6f4                R_ICU_ExternalIrqEnable
 .text.R_ICU_ExternalIrqDisable
                0x0000b716       0x22 ./ra/fsp/src/r_icu/r_icu.o
                0x0000b716                R_ICU_ExternalIrqDisable
 .text.R_ICU_ExternalIrqClose
                0x0000b738       0x40 ./ra/fsp/src/r_icu/r_icu.o
                0x0000b738                R_ICU_ExternalIrqClose
 .text.r_icu_isr
                0x0000b778       0x80 ./ra/fsp/src/r_icu/r_icu.o
                0x0000b778                r_icu_isr
 .text.R_BSP_FlashCacheEnable
                0x0000b7f8       0x40 ./ra/fsp/src/bsp/mcu/all/bsp_clocks.o
 .text.SystemCoreClockUpdate
                0x0000b838       0x40 ./ra/fsp/src/bsp/mcu/all/bsp_clocks.o
                0x0000b838                SystemCoreClockUpdate
 .text.bsp_prv_clock_set_hard_reset
                0x0000b878       0x30 ./ra/fsp/src/bsp/mcu/all/bsp_clocks.o
 .text.bsp_clock_freq_var_init
                0x0000b8a8       0x48 ./ra/fsp/src/bsp/mcu/all/bsp_clocks.o
 .text.bsp_clock_init
                0x0000b8f0       0xa4 ./ra/fsp/src/bsp/mcu/all/bsp_clocks.o
                0x0000b8f0                bsp_clock_init
 .text.bsp_init_internal
                0x0000b994       0x14 ./ra/fsp/src/bsp/mcu/all/bsp_common.o
                0x0000b994                bsp_init_internal
                0x0000b994                bsp_init
 .text.bsp_group_irq_call
                0x0000b9a8       0x30 ./ra/fsp/src/bsp/mcu/all/bsp_group_irq.o
 .text.NMI_Handler
                0x0000b9d8       0x4c ./ra/fsp/src/bsp/mcu/all/bsp_group_irq.o
                0x0000b9d8                NMI_Handler
 .text.bsp_irq_cfg
                0x0000ba24      0x104 ./ra/fsp/src/bsp/mcu/all/bsp_irq.o
                0x0000ba24                bsp_irq_cfg
 .text.R_BSP_RegisterProtectEnable
                0x0000bb28       0xa0 ./ra/fsp/src/bsp/mcu/all/bsp_register_protection.o
                0x0000bb28                R_BSP_RegisterProtectEnable
 .text.R_BSP_RegisterProtectDisable
                0x0000bbc8       0x90 ./ra/fsp/src/bsp/mcu/all/bsp_register_protection.o
                0x0000bbc8                R_BSP_RegisterProtectDisable
 .text.Reset_Handler
                0x0000bc58        0xe ./ra/fsp/src/bsp/cmsis/Device/RENESAS/Source/startup.o
                0x0000bc58                Reset_Handler
 .text.Default_Handler
                0x0000bc66       0x10 ./ra/fsp/src/bsp/cmsis/Device/RENESAS/Source/startup.o
                0x0000bc66                UsageFault_Handler
                0x0000bc66                SecureFault_Handler
                0x0000bc66                Default_Handler
                0x0000bc66                MemManage_Handler
                0x0000bc66                SVC_Handler
                0x0000bc66                BusFault_Handler
                0x0000bc66                DebugMon_Handler
 *fill*         0x0000bc76        0x2 ff
 .text.SystemInit
                0x0000bc78       0xf0 ./ra/fsp/src/bsp/cmsis/Device/RENESAS/Source/system.o
                0x0000bc78                SystemInit
 .text.bmp180_read_regs
                0x0000bd68       0xa0 ./packages/bmp180-latest/bmp180.o
 .text.bmp180_write_regs
                0x0000be08       0x9c ./packages/bmp180-latest/bmp180.o
 .text.bmp180_write_reg
                0x0000bea4       0x26 ./packages/bmp180-latest/bmp180.o
 .text.bmp180_read_ut
                0x0000beca       0x42 ./packages/bmp180-latest/bmp180.o
 .text.bmp180_read_up
                0x0000bf0c       0x42 ./packages/bmp180-latest/bmp180.o
 *fill*         0x0000bf4e        0x2 ff
 .text.bmp180_polling_get_data
                0x0000bf50      0x1d0 ./packages/bmp180-latest/bmp180.o
 .text.bmp180_fetch_data
                0x0000c120       0x58 ./packages/bmp180-latest/bmp180.o
 .text.bmp180_control
                0x0000c178       0x50 ./packages/bmp180-latest/bmp180.o
 .text.rt_hw_bmp180_init
                0x0000c1c8      0x37c ./packages/bmp180-latest/bmp180.o
                0x0000c1c8                rt_hw_bmp180_init
 .text.read_baro_entry
                0x0000c544      0x154 ./packages/bmp180-latest/bmp180_sample.o
 .text.baro_read_sample
                0x0000c698       0x3c ./packages/bmp180-latest/bmp180_sample.o
 .text.rt_hw_bmp180_port
                0x0000c6d4       0x2c ./packages/bmp180-latest/bmp180_sample.o
 .text.__NVIC_SetPriority
                0x0000c700       0x54 ./libraries/HAL_Drivers/drv_common.o
 .text.__NVIC_SystemReset
                0x0000c754       0x2c ./libraries/HAL_Drivers/drv_common.o
 .text.SysTick_Config
                0x0000c780       0x44 ./libraries/HAL_Drivers/drv_common.o
 .text.reboot   0x0000c7c4       0x10 ./libraries/HAL_Drivers/drv_common.o
 .text.rt_hw_systick_init
                0x0000c7d4       0x2c ./libraries/HAL_Drivers/drv_common.o
                0x0000c7d4                rt_hw_systick_init
 .text.SysTick_Handler
                0x0000c800       0x14 ./libraries/HAL_Drivers/drv_common.o
                0x0000c800                SysTick_Handler
 .text.rt_hw_board_init
                0x0000c814       0x34 ./libraries/HAL_Drivers/drv_common.o
                0x0000c814                rt_hw_board_init
 .text.R_BSP_WarmStart
                0x0000c848       0x2c ./libraries/HAL_Drivers/drv_common.o
                0x0000c848                R_BSP_WarmStart
 .text.R_BSP_PinRead
                0x0000c874       0x38 ./libraries/HAL_Drivers/drv_gpio.o
 .text.R_BSP_PinWrite
                0x0000c8ac       0x68 ./libraries/HAL_Drivers/drv_gpio.o
 .text.R_BSP_PinAccessEnable
                0x0000c914       0x60 ./libraries/HAL_Drivers/drv_gpio.o
 .text.R_BSP_PinAccessDisable
                0x0000c974       0x68 ./libraries/HAL_Drivers/drv_gpio.o
 .text.ra_pin_get_irqx
                0x0000c9dc      0x280 ./libraries/HAL_Drivers/drv_gpio.o
 .text.ra_irq_tab_init
                0x0000cc5c       0x7c ./libraries/HAL_Drivers/drv_gpio.o
 .text.ra_pin_map_init
                0x0000ccd8       0x28 ./libraries/HAL_Drivers/drv_gpio.o
 .text.ra_pin_mode
                0x0000cd00       0xf8 ./libraries/HAL_Drivers/drv_gpio.o
 .text.ra_pin_write
                0x0000cdf8       0x3a ./libraries/HAL_Drivers/drv_gpio.o
 *fill*         0x0000ce32        0x2 ff
 .text.ra_pin_read
                0x0000ce34       0x50 ./libraries/HAL_Drivers/drv_gpio.o
 .text.ra_pin_irq_enable
                0x0000ce84      0x120 ./libraries/HAL_Drivers/drv_gpio.o
 .text.ra_pin_attach_irq
                0x0000cfa4      0x12c ./libraries/HAL_Drivers/drv_gpio.o
 .text.ra_pin_dettach_irq
                0x0000d0d0       0xb4 ./libraries/HAL_Drivers/drv_gpio.o
 .text.ra_pin_get
                0x0000d184       0xce ./libraries/HAL_Drivers/drv_gpio.o
 *fill*         0x0000d252        0x2 ff
 .text.rt_hw_pin_init
                0x0000d254       0x24 ./libraries/HAL_Drivers/drv_gpio.o
                0x0000d254                rt_hw_pin_init
 .text.irq0_callback
                0x0000d278       0x34 ./libraries/HAL_Drivers/drv_gpio.o
                0x0000d278                irq0_callback
 .text.ra_i2c_gpio_init
                0x0000d2ac       0x46 ./libraries/HAL_Drivers/drv_soft_i2c.o
 .text.ra_set_sda
                0x0000d2f2       0x36 ./libraries/HAL_Drivers/drv_soft_i2c.o
 .text.ra_set_scl
                0x0000d328       0x36 ./libraries/HAL_Drivers/drv_soft_i2c.o
 .text.ra_get_sda
                0x0000d35e       0x20 ./libraries/HAL_Drivers/drv_soft_i2c.o
 .text.ra_get_scl
                0x0000d37e       0x20 ./libraries/HAL_Drivers/drv_soft_i2c.o
 *fill*         0x0000d39e        0x2 ff
 .text.ra_udelay
                0x0000d3a0       0x84 ./libraries/HAL_Drivers/drv_soft_i2c.o
 .text.ra_i2c_bus_unlock
                0x0000d424       0x6c ./libraries/HAL_Drivers/drv_soft_i2c.o
 .text.rt_hw_i2c_init
                0x0000d490       0xe8 ./libraries/HAL_Drivers/drv_soft_i2c.o
                0x0000d490                rt_hw_i2c_init
 .text.ra_uart_get_config
                0x0000d578       0x50 ./libraries/HAL_Drivers/drv_usart_v2.o
 .text.ra_uart_configure
                0x0000d5c8       0x7c ./libraries/HAL_Drivers/drv_usart_v2.o
 .text.ra_uart_control
                0x0000d644       0x1a ./libraries/HAL_Drivers/drv_usart_v2.o
 *fill*         0x0000d65e        0x2 ff
 .text.ra_uart_putc
                0x0000d660       0x68 ./libraries/HAL_Drivers/drv_usart_v2.o
 .text.ra_uart_getc
                0x0000d6c8       0x16 ./libraries/HAL_Drivers/drv_usart_v2.o
 *fill*         0x0000d6de        0x2 ff
 .text.user_uart7_callback
                0x0000d6e0       0x78 ./libraries/HAL_Drivers/drv_usart_v2.o
                0x0000d6e0                user_uart7_callback
 .text.rt_hw_usart_init
                0x0000d758       0xb8 ./libraries/HAL_Drivers/drv_usart_v2.o
                0x0000d758                rt_hw_usart_init
 .text.atoi     0x0000d810        0x8 d:/rt-threadstudio/repo/extract/toolchain_support_packages/arm/gnu_tools_for_arm_embedded_processors/10.2.1/bin/../lib/gcc/arm-none-eabi/10.2.1/../../../../arm-none-eabi/lib/thumb/v8-m.main+fp/hard\libc.a(lib_a-atoi.o)
                0x0000d810                atoi
 .text.memcmp   0x0000d818       0x60 d:/rt-threadstudio/repo/extract/toolchain_support_packages/arm/gnu_tools_for_arm_embedded_processors/10.2.1/bin/../lib/gcc/arm-none-eabi/10.2.1/../../../../arm-none-eabi/lib/thumb/v8-m.main+fp/hard\libc.a(lib_a-memcmp.o)
                0x0000d818                memcmp
 .text          0x0000d878       0xec d:/rt-threadstudio/repo/extract/toolchain_support_packages/arm/gnu_tools_for_arm_embedded_processors/10.2.1/bin/../lib/gcc/arm-none-eabi/10.2.1/../../../../arm-none-eabi/lib/thumb/v8-m.main+fp/hard\libc.a(lib_a-memcpy.o)
                0x0000d878                memcpy
 .text.memset   0x0000d964       0xa4 d:/rt-threadstudio/repo/extract/toolchain_support_packages/arm/gnu_tools_for_arm_embedded_processors/10.2.1/bin/../lib/gcc/arm-none-eabi/10.2.1/../../../../arm-none-eabi/lib/thumb/v8-m.main+fp/hard\libc.a(lib_a-memset.o)
                0x0000d964                memset
 .text.strcat   0x0000da08       0x40 d:/rt-threadstudio/repo/extract/toolchain_support_packages/arm/gnu_tools_for_arm_embedded_processors/10.2.1/bin/../lib/gcc/arm-none-eabi/10.2.1/../../../../arm-none-eabi/lib/thumb/v8-m.main+fp/hard\libc.a(lib_a-strcat.o)
                0x0000da08                strcat
 .text          0x0000da48      0x1bc d:/rt-threadstudio/repo/extract/toolchain_support_packages/arm/gnu_tools_for_arm_embedded_processors/10.2.1/bin/../lib/gcc/arm-none-eabi/10.2.1/../../../../arm-none-eabi/lib/thumb/v8-m.main+fp/hard\libc.a(lib_a-strcmp.o)
                0x0000da48                strcmp
 .text.strcpy   0x0000dc04       0xbc d:/rt-threadstudio/repo/extract/toolchain_support_packages/arm/gnu_tools_for_arm_embedded_processors/10.2.1/bin/../lib/gcc/arm-none-eabi/10.2.1/../../../../arm-none-eabi/lib/thumb/v8-m.main+fp/hard\libc.a(lib_a-strcpy.o)
                0x0000dc04                strcpy
 .text.strlen   0x0000dcc0       0x5c d:/rt-threadstudio/repo/extract/toolchain_support_packages/arm/gnu_tools_for_arm_embedded_processors/10.2.1/bin/../lib/gcc/arm-none-eabi/10.2.1/../../../../arm-none-eabi/lib/thumb/v8-m.main+fp/hard\libc.a(lib_a-strlen-stub.o)
                0x0000dcc0                strlen
 .text.strncmp  0x0000dd1c       0x78 d:/rt-threadstudio/repo/extract/toolchain_support_packages/arm/gnu_tools_for_arm_embedded_processors/10.2.1/bin/../lib/gcc/arm-none-eabi/10.2.1/../../../../arm-none-eabi/lib/thumb/v8-m.main+fp/hard\libc.a(lib_a-strncmp.o)
                0x0000dd1c                strncmp
 .text.strncpy  0x0000dd94       0x64 d:/rt-threadstudio/repo/extract/toolchain_support_packages/arm/gnu_tools_for_arm_embedded_processors/10.2.1/bin/../lib/gcc/arm-none-eabi/10.2.1/../../../../arm-none-eabi/lib/thumb/v8-m.main+fp/hard\libc.a(lib_a-strncpy.o)
                0x0000dd94                strncpy
 .text._strtol_l.part.0
                0x0000ddf8      0x104 d:/rt-threadstudio/repo/extract/toolchain_support_packages/arm/gnu_tools_for_arm_embedded_processors/10.2.1/bin/../lib/gcc/arm-none-eabi/10.2.1/../../../../arm-none-eabi/lib/thumb/v8-m.main+fp/hard\libc.a(lib_a-strtol.o)
 .text.strtol   0x0000defc       0x2c d:/rt-threadstudio/repo/extract/toolchain_support_packages/arm/gnu_tools_for_arm_embedded_processors/10.2.1/bin/../lib/gcc/arm-none-eabi/10.2.1/../../../../arm-none-eabi/lib/thumb/v8-m.main+fp/hard\libc.a(lib_a-strtol.o)
                0x0000defc                strtol
 .text.startup.register_fini
                0x0000df28       0x14 d:/rt-threadstudio/repo/extract/toolchain_support_packages/arm/gnu_tools_for_arm_embedded_processors/10.2.1/bin/../lib/gcc/arm-none-eabi/10.2.1/../../../../arm-none-eabi/lib/thumb/v8-m.main+fp/hard\libc.a(lib_a-__call_atexit.o)
 .text.atexit   0x0000df3c        0xc d:/rt-threadstudio/repo/extract/toolchain_support_packages/arm/gnu_tools_for_arm_embedded_processors/10.2.1/bin/../lib/gcc/arm-none-eabi/10.2.1/../../../../arm-none-eabi/lib/thumb/v8-m.main+fp/hard\libc.a(lib_a-atexit.o)
                0x0000df3c                atexit
 .text.__libc_fini_array
                0x0000df48       0x2c d:/rt-threadstudio/repo/extract/toolchain_support_packages/arm/gnu_tools_for_arm_embedded_processors/10.2.1/bin/../lib/gcc/arm-none-eabi/10.2.1/../../../../arm-none-eabi/lib/thumb/v8-m.main+fp/hard\libc.a(lib_a-fini.o)
                0x0000df48                __libc_fini_array
 .text.__retarget_lock_acquire_recursive
                0x0000df74        0x4 d:/rt-threadstudio/repo/extract/toolchain_support_packages/arm/gnu_tools_for_arm_embedded_processors/10.2.1/bin/../lib/gcc/arm-none-eabi/10.2.1/../../../../arm-none-eabi/lib/thumb/v8-m.main+fp/hard\libc.a(lib_a-lock.o)
                0x0000df74                __retarget_lock_acquire_recursive
 .text.__retarget_lock_release_recursive
                0x0000df78        0x4 d:/rt-threadstudio/repo/extract/toolchain_support_packages/arm/gnu_tools_for_arm_embedded_processors/10.2.1/bin/../lib/gcc/arm-none-eabi/10.2.1/../../../../arm-none-eabi/lib/thumb/v8-m.main+fp/hard\libc.a(lib_a-lock.o)
                0x0000df78                __retarget_lock_release_recursive
 .text.__register_exitproc
                0x0000df7c       0x90 d:/rt-threadstudio/repo/extract/toolchain_support_packages/arm/gnu_tools_for_arm_embedded_processors/10.2.1/bin/../lib/gcc/arm-none-eabi/10.2.1/../../../../arm-none-eabi/lib/thumb/v8-m.main+fp/hard\libc.a(lib_a-__atexit.o)
                0x0000df7c                __register_exitproc
 *(.version)
 .version       0x0000e00c       0x50 ./ra/fsp/src/bsp/mcu/all/bsp_common.o
 *(.init)
 .init          0x0000e05c        0x4 d:/rt-threadstudio/repo/extract/toolchain_support_packages/arm/gnu_tools_for_arm_embedded_processors/10.2.1/bin/../lib/gcc/arm-none-eabi/10.2.1/thumb/v8-m.main+fp/hard/crti.o
                0x0000e05c                _init
 .init          0x0000e060        0x8 d:/rt-threadstudio/repo/extract/toolchain_support_packages/arm/gnu_tools_for_arm_embedded_processors/10.2.1/bin/../lib/gcc/arm-none-eabi/10.2.1/thumb/v8-m.main+fp/hard/crtn.o
 *(.fini)
 .fini          0x0000e068        0x4 d:/rt-threadstudio/repo/extract/toolchain_support_packages/arm/gnu_tools_for_arm_embedded_processors/10.2.1/bin/../lib/gcc/arm-none-eabi/10.2.1/thumb/v8-m.main+fp/hard/crti.o
                0x0000e068                _fini
 .fini          0x0000e06c        0x8 d:/rt-threadstudio/repo/extract/toolchain_support_packages/arm/gnu_tools_for_arm_embedded_processors/10.2.1/bin/../lib/gcc/arm-none-eabi/10.2.1/thumb/v8-m.main+fp/hard/crtn.o
                0x0000e074                . = ALIGN (0x4)
                0x0000e074                __fsymtab_start = .
 *(FSymTab)
 FSymTab        0x0000e074        0xc ./src/hal_entry.o
                0x0000e074                __fsym_icu_sample
 FSymTab        0x0000e080       0x78 ./rt-thread/components/finsh/cmd.o
                0x0000e080                __fsym_clear
                0x0000e08c                __fsym_version
                0x0000e098                __fsym_list_thread
                0x0000e0a4                __fsym_list_sem
                0x0000e0b0                __fsym_list_event
                0x0000e0bc                __fsym_list_mutex
                0x0000e0c8                __fsym_list_mailbox
                0x0000e0d4                __fsym_list_msgqueue
                0x0000e0e0                __fsym_list_timer
                0x0000e0ec                __fsym_list_device
 FSymTab        0x0000e0f8       0x24 ./rt-thread/components/finsh/msh.o
                0x0000e0f8                __fsym_help
                0x0000e104                __fsym_ps
                0x0000e110                __fsym_free
 FSymTab        0x0000e11c       0x30 ./rt-thread/components/drivers/sensors/sensor_cmd.o
                0x0000e11c                __fsym_sensor_fifo
                0x0000e128                __fsym_sensor_int
                0x0000e134                __fsym_sensor_polling
                0x0000e140                __fsym_sensor
 FSymTab        0x0000e14c        0xc ./libraries/HAL_Drivers/drv_common.o
                0x0000e14c                __fsym_reboot
                0x0000e158                __fsymtab_end = .
                0x0000e158                . = ALIGN (0x4)
                0x0000e158                __vsymtab_start = .
 *(VSymTab)
                0x0000e158                __vsymtab_end = .
                0x0000e158                . = ALIGN (0x4)
                0x0000e158                __rt_init_start = .
 *(SORT_BY_NAME(.rti_fn*))
 .rti_fn.0      0x0000e158        0x4 ./rt-thread/src/components.o
                0x0000e158                __rt_init_rti_start
 .rti_fn.0.end  0x0000e15c        0x4 ./rt-thread/src/components.o
                0x0000e15c                __rt_init_rti_board_start
 .rti_fn.1      0x0000e160        0x4 ./libraries/HAL_Drivers/drv_soft_i2c.o
                0x0000e160                __rt_init_rt_hw_i2c_init
 .rti_fn.1.end  0x0000e164        0x4 ./rt-thread/src/components.o
                0x0000e164                __rt_init_rti_board_end
 .rti_fn.4      0x0000e168        0x4 ./rt-thread/components/drivers/i2c/i2c_core.o
                0x0000e168                __rt_init_rt_i2c_core_init
 .rti_fn.4      0x0000e16c        0x4 ./packages/bmp180-latest/bmp180_sample.o
                0x0000e16c                __rt_init_rt_hw_bmp180_port
 .rti_fn.6      0x0000e170        0x4 ./rt-thread/components/finsh/shell.o
                0x0000e170                __rt_init_finsh_system_init
 .rti_fn.6      0x0000e174        0x4 ./packages/bmp180-latest/bmp180_sample.o
                0x0000e174                __rt_init_baro_read_sample
 .rti_fn.6.end  0x0000e178        0x4 ./rt-thread/src/components.o
                0x0000e178                __rt_init_rti_end
                0x0000e17c                __rt_init_end = .
                0x0000e17c                . = ALIGN (0x4)
 *(FalPartTable)
 *crtbegin.o(.ctors)
 *crtbegin?.o(.ctors)
 *(EXCLUDE_FILE(*crtend.o *crtend?.o) .ctors)
 *(SORT_BY_NAME(.ctors.*))
 *(.ctors)
 *crtbegin.o(.dtors)
 *crtbegin?.o(.dtors)
 *(EXCLUDE_FILE(*crtend.o *crtend?.o) .dtors)
 *(SORT_BY_NAME(.dtors.*))
 *(.dtors)
 *(.rodata*)
 .rodata        0x0000e17c       0x77 ./src/hal_entry.o
 *fill*         0x0000e1f3        0x1 ff
 .rodata.name   0x0000e1f4       0x17 ./src/hal_entry.o
                0x0000e1f4                __fsym_icu_sample_name
                0x0000e200                __fsym_icu_sample_desc
 *fill*         0x0000e20b        0x1 ff
 .rodata        0x0000e20c       0x17 ./rt-thread/src/components.o
 *fill*         0x0000e223        0x1 ff
 .rodata.__FUNCTION__.0
                0x0000e224       0x14 ./rt-thread/src/components.o
 .rodata        0x0000e238       0xbc ./rt-thread/src/device.o
 .rodata.__FUNCTION__.6
                0x0000e2f4        0xf ./rt-thread/src/device.o
 *fill*         0x0000e303        0x1 ff
 .rodata.__FUNCTION__.5
                0x0000e304       0x10 ./rt-thread/src/device.o
 .rodata.__FUNCTION__.4
                0x0000e314        0xf ./rt-thread/src/device.o
 *fill*         0x0000e323        0x1 ff
 .rodata.__FUNCTION__.3
                0x0000e324       0x10 ./rt-thread/src/device.o
 .rodata.__FUNCTION__.2
                0x0000e334       0x12 ./rt-thread/src/device.o
 *fill*         0x0000e346        0x2 ff
 .rodata.__FUNCTION__.1
                0x0000e348       0x1a ./rt-thread/src/device.o
 *fill*         0x0000e362        0x2 ff
 .rodata        0x0000e364        0x8 ./rt-thread/src/idle.o
 .rodata        0x0000e36c      0x4de ./rt-thread/src/ipc.o
 *fill*         0x0000e84a        0x2 ff
 .rodata.__FUNCTION__.37
                0x0000e84c        0xc ./rt-thread/src/ipc.o
 .rodata.__FUNCTION__.35
                0x0000e858        0xe ./rt-thread/src/ipc.o
 *fill*         0x0000e866        0x2 ff
 .rodata.__FUNCTION__.33
                0x0000e868        0xc ./rt-thread/src/ipc.o
 .rodata.__FUNCTION__.32
                0x0000e874       0x12 ./rt-thread/src/ipc.o
 *fill*         0x0000e886        0x2 ff
 .rodata.__FUNCTION__.31
                0x0000e888        0xf ./rt-thread/src/ipc.o
 *fill*         0x0000e897        0x1 ff
 .rodata.__FUNCTION__.29
                0x0000e898        0xe ./rt-thread/src/ipc.o
 *fill*         0x0000e8a6        0x2 ff
 .rodata.__FUNCTION__.27
                0x0000e8a8       0x10 ./rt-thread/src/ipc.o
 .rodata.__FUNCTION__.25
                0x0000e8b8        0xe ./rt-thread/src/ipc.o
 *fill*         0x0000e8c6        0x2 ff
 .rodata.__FUNCTION__.24
                0x0000e8c8       0x11 ./rt-thread/src/ipc.o
 *fill*         0x0000e8d9        0x3 ff
 .rodata        0x0000e8dc      0x107 ./rt-thread/src/kservice.o
 *fill*         0x0000e9e3        0x1 ff
 .rodata.large_digits.4
                0x0000e9e4       0x11 ./rt-thread/src/kservice.o
 *fill*         0x0000e9f5        0x3 ff
 .rodata.small_digits.3
                0x0000e9f8       0x11 ./rt-thread/src/kservice.o
 *fill*         0x0000ea09        0x3 ff
 .rodata.__FUNCTION__.1
                0x0000ea0c       0x14 ./rt-thread/src/kservice.o
 .rodata.__FUNCTION__.0
                0x0000ea20        0xd ./rt-thread/src/kservice.o
 *fill*         0x0000ea2d        0x3 ff
 .rodata        0x0000ea30      0x41b ./rt-thread/src/mem.o
 *fill*         0x0000ee4b        0x1 ff
 .rodata.__FUNCTION__.4
                0x0000ee4c        0xb ./rt-thread/src/mem.o
 *fill*         0x0000ee57        0x1 ff
 .rodata.__FUNCTION__.2
                0x0000ee58        0xe ./rt-thread/src/mem.o
 *fill*         0x0000ee66        0x2 ff
 .rodata.__FUNCTION__.0
                0x0000ee68        0xd ./rt-thread/src/mem.o
 *fill*         0x0000ee75        0x3 ff
 .rodata        0x0000ee78       0x91 ./rt-thread/src/object.o
 *fill*         0x0000ef09        0x3 ff
 .rodata.__FUNCTION__.6
                0x0000ef0c        0xf ./rt-thread/src/object.o
 *fill*         0x0000ef1b        0x1 ff
 .rodata.__FUNCTION__.5
                0x0000ef1c       0x11 ./rt-thread/src/object.o
 *fill*         0x0000ef2d        0x3 ff
 .rodata.__FUNCTION__.4
                0x0000ef30       0x13 ./rt-thread/src/object.o
 *fill*         0x0000ef43        0x1 ff
 .rodata.__FUNCTION__.3
                0x0000ef44       0x11 ./rt-thread/src/object.o
 *fill*         0x0000ef55        0x3 ff
 .rodata.__FUNCTION__.2
                0x0000ef58       0x1a ./rt-thread/src/object.o
 *fill*         0x0000ef72        0x2 ff
 .rodata.__FUNCTION__.1
                0x0000ef74       0x13 ./rt-thread/src/object.o
 *fill*         0x0000ef87        0x1 ff
 .rodata.__FUNCTION__.0
                0x0000ef88        0xf ./rt-thread/src/object.o
 *fill*         0x0000ef97        0x1 ff
 .rodata        0x0000ef98       0x65 ./rt-thread/src/scheduler.o
 *fill*         0x0000effd        0x3 ff
 .rodata.__FUNCTION__.2
                0x0000f000       0x1a ./rt-thread/src/scheduler.o
 *fill*         0x0000f01a        0x2 ff
 .rodata.__FUNCTION__.1
                0x0000f01c       0x1a ./rt-thread/src/scheduler.o
 *fill*         0x0000f036        0x2 ff
 .rodata.__FUNCTION__.0
                0x0000f038       0x1a ./rt-thread/src/scheduler.o
 *fill*         0x0000f052        0x2 ff
 .rodata        0x0000f054      0x19f ./rt-thread/src/thread.o
 *fill*         0x0000f1f3        0x1 ff
 .rodata.__FUNCTION__.10
                0x0000f1f4       0x10 ./rt-thread/src/thread.o
 .rodata.__FUNCTION__.9
                0x0000f204        0xd ./rt-thread/src/thread.o
 *fill*         0x0000f211        0x3 ff
 .rodata.__FUNCTION__.8
                0x0000f214        0xf ./rt-thread/src/thread.o
 *fill*         0x0000f223        0x1 ff
 .rodata.__FUNCTION__.7
                0x0000f224       0x12 ./rt-thread/src/thread.o
 *fill*         0x0000f236        0x2 ff
 .rodata.__FUNCTION__.6
                0x0000f238       0x11 ./rt-thread/src/thread.o
 *fill*         0x0000f249        0x3 ff
 .rodata.__FUNCTION__.5
                0x0000f24c       0x11 ./rt-thread/src/thread.o
 *fill*         0x0000f25d        0x3 ff
 .rodata.__FUNCTION__.4
                0x0000f260       0x10 ./rt-thread/src/thread.o
 .rodata.__FUNCTION__.2
                0x0000f270       0x12 ./rt-thread/src/thread.o
 *fill*         0x0000f282        0x2 ff
 .rodata.__FUNCTION__.1
                0x0000f284       0x12 ./rt-thread/src/thread.o
 *fill*         0x0000f296        0x2 ff
 .rodata.__FUNCTION__.0
                0x0000f298       0x11 ./rt-thread/src/thread.o
 *fill*         0x0000f2a9        0x3 ff
 .rodata        0x0000f2ac      0x10e ./rt-thread/src/timer.o
 *fill*         0x0000f3ba        0x2 ff
 .rodata.__FUNCTION__.7
                0x0000f3bc        0xe ./rt-thread/src/timer.o
 *fill*         0x0000f3ca        0x2 ff
 .rodata.__FUNCTION__.6
                0x0000f3cc       0x10 ./rt-thread/src/timer.o
 .rodata.__FUNCTION__.3
                0x0000f3dc        0xf ./rt-thread/src/timer.o
 *fill*         0x0000f3eb        0x1 ff
 .rodata.__FUNCTION__.1
                0x0000f3ec        0xe ./rt-thread/src/timer.o
 *fill*         0x0000f3fa        0x2 ff
 .rodata.__FUNCTION__.0
                0x0000f3fc       0x11 ./rt-thread/src/timer.o
 *fill*         0x0000f40d        0x3 ff
 .rodata        0x0000f410      0x2ce ./rt-thread/libcpu/arm/cortex-m4/cpuport.o
 *fill*         0x0000f6de        0x2 ff
 .rodata        0x0000f6e0      0x5d3 ./rt-thread/components/finsh/cmd.o
 *fill*         0x0000fcb3        0x1 ff
 .rodata.name   0x0000fcb4      0x176 ./rt-thread/components/finsh/cmd.o
                0x0000fcb4                __fsym_clear_name
                0x0000fcbc                __fsym_clear_desc
                0x0000fcd8                __fsym_version_name
                0x0000fce0                __fsym_version_desc
                0x0000fd04                __fsym_list_thread_name
                0x0000fd10                __fsym_list_thread_desc
                0x0000fd1c                __fsym_list_sem_name
                0x0000fd28                __fsym_list_sem_desc
                0x0000fd44                __fsym_list_event_name
                0x0000fd50                __fsym_list_event_desc
                0x0000fd68                __fsym_list_mutex_name
                0x0000fd74                __fsym_list_mutex_desc
                0x0000fd8c                __fsym_list_mailbox_name
                0x0000fd9c                __fsym_list_mailbox_desc
                0x0000fdb4                __fsym_list_msgqueue_name
                0x0000fdc4                __fsym_list_msgqueue_desc
                0x0000fde4                __fsym_list_timer_name
                0x0000fdf0                __fsym_list_timer_desc
                0x0000fe08                __fsym_list_device_name
                0x0000fe14                __fsym_list_device_desc
 *fill*         0x0000fe2a        0x2 ff
 .rodata.device_type_str
                0x0000fe2c       0x64 ./rt-thread/components/finsh/cmd.o
 .rodata        0x0000fe90       0xa8 ./rt-thread/components/finsh/msh.o
 .rodata.name   0x0000ff38       0x6d ./rt-thread/components/finsh/msh.o
                0x0000ff38                __fsym_help_name
                0x0000ff40                __fsym_help_desc
                0x0000ff58                __fsym_ps_name
                0x0000ff5c                __fsym_ps_desc
                0x0000ff78                __fsym_free_name
                0x0000ff80                __fsym_free_desc
 *fill*         0x0000ffa5        0x3 ff
 .rodata.__FUNCTION__.0
                0x0000ffa8        0xe ./rt-thread/components/finsh/msh.o
 *fill*         0x0000ffb6        0x2 ff
 .rodata        0x0000ffb8       0x91 ./rt-thread/components/finsh/shell.o
 *fill*         0x00010049        0x3 ff
 .rodata.__FUNCTION__.6
                0x0001004c       0x16 ./rt-thread/components/finsh/shell.o
 *fill*         0x00010062        0x2 ff
 .rodata.__FUNCTION__.5
                0x00010064        0xe ./rt-thread/components/finsh/shell.o
 *fill*         0x00010072        0x2 ff
 .rodata.__FUNCTION__.4
                0x00010074        0xd ./rt-thread/components/finsh/shell.o
 *fill*         0x00010081        0x3 ff
 .rodata.__FUNCTION__.3
                0x00010084       0x11 ./rt-thread/components/finsh/shell.o
 *fill*         0x00010095        0x3 ff
 .rodata        0x00010098      0x18b ./rt-thread/components/drivers/serial/serial_v2.o
 *fill*         0x00010223        0x1 ff
 .rodata.__FUNCTION__.18
                0x00010224       0x1c ./rt-thread/components/drivers/serial/serial_v2.o
 .rodata.__FUNCTION__.17
                0x00010240       0x1c ./rt-thread/components/drivers/serial/serial_v2.o
 .rodata.__FUNCTION__.16
                0x0001025c       0x1d ./rt-thread/components/drivers/serial/serial_v2.o
 *fill*         0x00010279        0x3 ff
 .rodata.__FUNCTION__.15
                0x0001027c       0x10 ./rt-thread/components/drivers/serial/serial_v2.o
 .rodata.__FUNCTION__.14
                0x0001028c       0x10 ./rt-thread/components/drivers/serial/serial_v2.o
 .rodata.__FUNCTION__.13
                0x0001029c       0x10 ./rt-thread/components/drivers/serial/serial_v2.o
 .rodata.__FUNCTION__.12
                0x000102ac       0x1e ./rt-thread/components/drivers/serial/serial_v2.o
 *fill*         0x000102ca        0x2 ff
 .rodata.__FUNCTION__.11
                0x000102cc       0x1d ./rt-thread/components/drivers/serial/serial_v2.o
 *fill*         0x000102e9        0x3 ff
 .rodata.__FUNCTION__.10
                0x000102ec       0x1c ./rt-thread/components/drivers/serial/serial_v2.o
 .rodata.__FUNCTION__.9
                0x00010308       0x14 ./rt-thread/components/drivers/serial/serial_v2.o
 .rodata.__FUNCTION__.8
                0x0001031c       0x14 ./rt-thread/components/drivers/serial/serial_v2.o
 .rodata.__FUNCTION__.7
                0x00010330       0x15 ./rt-thread/components/drivers/serial/serial_v2.o
 *fill*         0x00010345        0x3 ff
 .rodata.__FUNCTION__.6
                0x00010348       0x15 ./rt-thread/components/drivers/serial/serial_v2.o
 *fill*         0x0001035d        0x3 ff
 .rodata.__FUNCTION__.5
                0x00010360        0xf ./rt-thread/components/drivers/serial/serial_v2.o
 *fill*         0x0001036f        0x1 ff
 .rodata.__FUNCTION__.4
                0x00010370        0xf ./rt-thread/components/drivers/serial/serial_v2.o
 *fill*         0x0001037f        0x1 ff
 .rodata.__FUNCTION__.3
                0x00010380       0x10 ./rt-thread/components/drivers/serial/serial_v2.o
 .rodata.__FUNCTION__.2
                0x00010390       0x12 ./rt-thread/components/drivers/serial/serial_v2.o
 *fill*         0x000103a2        0x2 ff
 .rodata.__FUNCTION__.1
                0x000103a4       0x16 ./rt-thread/components/drivers/serial/serial_v2.o
 *fill*         0x000103ba        0x2 ff
 .rodata.__FUNCTION__.0
                0x000103bc       0x11 ./rt-thread/components/drivers/serial/serial_v2.o
 *fill*         0x000103cd        0x3 ff
 .rodata        0x000103d0      0x163 ./rt-thread/components/drivers/sensors/sensor.o
 *fill*         0x00010533        0x1 ff
 .rodata.sensor_name_str
                0x00010534       0x54 ./rt-thread/components/drivers/sensors/sensor.o
 .rodata.__FUNCTION__.4
                0x00010588        0xf ./rt-thread/components/drivers/sensors/sensor.o
 *fill*         0x00010597        0x1 ff
 .rodata.__FUNCTION__.3
                0x00010598       0x10 ./rt-thread/components/drivers/sensors/sensor.o
 .rodata.__FUNCTION__.2
                0x000105a8        0xf ./rt-thread/components/drivers/sensors/sensor.o
 *fill*         0x000105b7        0x1 ff
 .rodata.__FUNCTION__.1
                0x000105b8       0x12 ./rt-thread/components/drivers/sensors/sensor.o
 *fill*         0x000105ca        0x2 ff
 .rodata.__FUNCTION__.0
                0x000105cc       0x16 ./rt-thread/components/drivers/sensors/sensor.o
 *fill*         0x000105e2        0x2 ff
 .rodata        0x000105e4      0x971 ./rt-thread/components/drivers/sensors/sensor_cmd.o
 *fill*         0x00010f55        0x3 ff
 .rodata.name   0x00010f58       0xad ./rt-thread/components/drivers/sensors/sensor_cmd.o
                0x00010f58                __fsym_sensor_fifo_name
                0x00010f64                __fsym_sensor_fifo_desc
                0x00010f84                __fsym_sensor_int_name
                0x00010f90                __fsym_sensor_int_desc
                0x00010fb4                __fsym_sensor_polling_name
                0x00010fc4                __fsym_sensor_polling_desc
                0x00010fe8                __fsym_sensor_name
                0x00010ff0                __fsym_sensor_desc
 *fill*         0x00011005        0x3 ff
 .rodata        0x00011008       0x37 ./rt-thread/components/drivers/misc/pin.o
 *fill*         0x0001103f        0x1 ff
 .rodata.__FUNCTION__.9
                0x00011040        0xa ./rt-thread/components/drivers/misc/pin.o
 *fill*         0x0001104a        0x2 ff
 .rodata.__FUNCTION__.8
                0x0001104c        0xb ./rt-thread/components/drivers/misc/pin.o
 *fill*         0x00011057        0x1 ff
 .rodata.__FUNCTION__.7
                0x00011058        0xd ./rt-thread/components/drivers/misc/pin.o
 *fill*         0x00011065        0x3 ff
 .rodata.__FUNCTION__.6
                0x00011068       0x12 ./rt-thread/components/drivers/misc/pin.o
 *fill*         0x0001107a        0x2 ff
 .rodata.__FUNCTION__.4
                0x0001107c       0x12 ./rt-thread/components/drivers/misc/pin.o
 *fill*         0x0001108e        0x2 ff
 .rodata.__FUNCTION__.3
                0x00011090        0xc ./rt-thread/components/drivers/misc/pin.o
 .rodata.__FUNCTION__.2
                0x0001109c        0xd ./rt-thread/components/drivers/misc/pin.o
 *fill*         0x000110a9        0x3 ff
 .rodata.__FUNCTION__.1
                0x000110ac        0xc ./rt-thread/components/drivers/misc/pin.o
 .rodata.__FUNCTION__.0
                0x000110b8        0xb ./rt-thread/components/drivers/misc/pin.o
 *fill*         0x000110c3        0x1 ff
 .rodata        0x000110c4       0xd7 ./rt-thread/components/drivers/ipc/completion.o
 *fill*         0x0001119b        0x1 ff
 .rodata.__FUNCTION__.2
                0x0001119c       0x13 ./rt-thread/components/drivers/ipc/completion.o
 *fill*         0x000111af        0x1 ff
 .rodata.__FUNCTION__.1
                0x000111b0       0x13 ./rt-thread/components/drivers/ipc/completion.o
 *fill*         0x000111c3        0x1 ff
 .rodata.__FUNCTION__.0
                0x000111c4       0x13 ./rt-thread/components/drivers/ipc/completion.o
 *fill*         0x000111d7        0x1 ff
 .rodata        0x000111d8       0x19 ./rt-thread/components/drivers/ipc/ringbuffer.o
 *fill*         0x000111f1        0x3 ff
 .rodata.__FUNCTION__.10
                0x000111f4       0x13 ./rt-thread/components/drivers/ipc/ringbuffer.o
 *fill*         0x00011207        0x1 ff
 .rodata.__FUNCTION__.9
                0x00011208       0x12 ./rt-thread/components/drivers/ipc/ringbuffer.o
 *fill*         0x0001121a        0x2 ff
 .rodata.__FUNCTION__.7
                0x0001121c       0x12 ./rt-thread/components/drivers/ipc/ringbuffer.o
 *fill*         0x0001122e        0x2 ff
 .rodata.__FUNCTION__.5
                0x00011230       0x16 ./rt-thread/components/drivers/ipc/ringbuffer.o
 *fill*         0x00011246        0x2 ff
 .rodata        0x00011248       0xc0 ./rt-thread/components/drivers/i2c/i2c-bit-ops.o
 .rodata.i2c_bit_bus_ops
                0x00011308        0xc ./rt-thread/components/drivers/i2c/i2c-bit-ops.o
 .rodata        0x00011314       0x97 ./rt-thread/components/drivers/i2c/i2c_core.o
 *fill*         0x000113ab        0x1 ff
 .rodata.__FUNCTION__.0
                0x000113ac       0x13 ./rt-thread/components/drivers/i2c/i2c_core.o
 *fill*         0x000113bf        0x1 ff
 .rodata        0x000113c0       0x22 ./rt-thread/components/drivers/i2c/i2c_dev.o
 *fill*         0x000113e2        0x2 ff
 .rodata.__FUNCTION__.3
                0x000113e4       0x14 ./rt-thread/components/drivers/i2c/i2c_dev.o
 .rodata.__FUNCTION__.2
                0x000113f8       0x15 ./rt-thread/components/drivers/i2c/i2c_dev.o
 *fill*         0x0001140d        0x3 ff
 .rodata.__FUNCTION__.1
                0x00011410       0x17 ./rt-thread/components/drivers/i2c/i2c_dev.o
 *fill*         0x00011427        0x1 ff
 .rodata.__FUNCTION__.0
                0x00011428       0x1e ./rt-thread/components/drivers/i2c/i2c_dev.o
 *fill*         0x00011446        0x2 ff
 .rodata.g_ioport
                0x00011448        0xc ./ra_gen/common_data.o
                0x00011448                g_ioport
 .rodata.g_external_irq0_cfg
                0x00011454       0x14 ./ra_gen/hal_data.o
                0x00011454                g_external_irq0_cfg
 .rodata.g_uart7_cfg_extend
                0x00011468       0x10 ./ra_gen/hal_data.o
                0x00011468                g_uart7_cfg_extend
 .rodata.g_uart7_cfg
                0x00011478       0x20 ./ra_gen/hal_data.o
                0x00011478                g_uart7_cfg
 .rodata.g_bsp_pin_cfg_data
                0x00011498      0x140 ./ra_gen/pin_data.o
                0x00011498                g_bsp_pin_cfg_data
 .rodata.g_bsp_pin_cfg
                0x000115d8        0x8 ./ra_gen/pin_data.o
                0x000115d8                g_bsp_pin_cfg
 .rodata.g_interrupt_event_link_select
                0x000115e0       0xc0 ./ra_gen/vector_data.o
                0x000115e0                g_interrupt_event_link_select
 .rodata.g_ioport_on_ioport
                0x000116a0       0x38 ./ra/fsp/src/r_ioport/r_ioport.o
                0x000116a0                g_ioport_on_ioport
 .rodata.g_vbatt_pins_input
                0x000116d8        0x6 ./ra/fsp/src/r_ioport/r_ioport.o
 *fill*         0x000116de        0x2 ff
 .rodata.g_prcr_masks
                0x000116e0        0x8 ./ra/fsp/src/bsp/mcu/all/bsp_register_protection.o
 .rodata        0x000116e8       0xe4 ./packages/bmp180-latest/bmp180.o
 .rodata.__FUNCTION__.1
                0x000117cc       0x12 ./packages/bmp180-latest/bmp180.o
 *fill*         0x000117de        0x2 ff
 .rodata.__FUNCTION__.0
                0x000117e0        0xf ./packages/bmp180-latest/bmp180.o
 *fill*         0x000117ef        0x1 ff
 .rodata        0x000117f0      0x107 ./packages/bmp180-latest/bmp180_sample.o
 *fill*         0x000118f7        0x1 ff
 .rodata.name   0x000118f8       0x16 ./libraries/HAL_Drivers/drv_common.o
                0x000118f8                __fsym_reboot_name
                0x00011900                __fsym_reboot_desc
 *fill*         0x0001190e        0x2 ff
 .rodata        0x00011910        0x6 ./libraries/HAL_Drivers/drv_common.o